App.tsx(75,28): error TS2339: Property 'accent' does not exist on type 'ThemeColors'.
App.tsx(340,23): error TS2339: Property 'accent' does not exist on type 'ThemeColors'.
src/components/BottomSheetPicker.tsx(19,26): error TS2339: Property 'cardAlt' does not exist on type 'ThemeColors'.
src/components/BottomSheetPicker.tsx(141,103): error TS2339: Property 'accent' does not exist on type 'ThemeColors'.
src/components/BottomSheetPicker.tsx(198,77): error TS2339: Property 'accent' does not exist on type 'ThemeColors'.
src/components/BuySharesPanel.tsx(7,3): error TS2305: Module '"react-native"' has no exported member 'Slider'.
src/components/CachedImage.tsx(195,29): error TS2339: Property 'card' does not exist on type 'ThemeColors'.
src/components/checkout/AddAddressSheet.tsx(101,38): error TS2339: Property 'accent' does not exist on type 'ThemeColors'.
src/components/checkout/AddAddressSheet.tsx(115,38): error TS2339: Property 'accent' does not exist on type 'ThemeColors'.
src/components/checkout/AddAddressSheet.tsx(130,40): error TS2339: Property 'accent' does not exist on type 'ThemeColors'.
src/components/checkout/AddAddressSheet.tsx(145,40): error TS2339: Property 'accent' does not exist on type 'ThemeColors'.
src/components/checkout/AddAddressSheet.tsx(159,46): error TS2339: Property 'accent' does not exist on type 'ThemeColors'.
src/components/checkout/AddAddressSheet.tsx(234,25): error TS2339: Property 'accent' does not exist on type 'ThemeColors'.
src/components/checkout/AddAddressSheet.tsx(247,29): error TS2339: Property 'accent' does not exist on type 'ThemeColors'.
src/components/checkout/AddAddressSheet.tsx(259,19): error TS2339: Property 'textInverse' does not exist on type 'ThemeColors'.
src/components/checkout/AddCardSheet.tsx(319,38): error TS2339: Property 'accent' does not exist on type 'ThemeColors'.
src/components/checkout/AddCardSheet.tsx(320,65): error TS2339: Property 'textInverse' does not exist on type 'ThemeColors'.
src/components/EmptyState.tsx(31,94): error TS2339: Property 'accent' does not exist on type 'ThemeColors'.
src/components/EmptyState.tsx(163,29): error TS2339: Property 'accent' does not exist on type 'ThemeColors'.
src/components/EmptyState.tsx(167,25): error TS2339: Property 'accent' does not exist on type 'ThemeColors'.
src/components/EmptyState.tsx(177,19): error TS2339: Property 'textInverse' does not exist on type 'ThemeColors'.
src/components/ProductCardV2.tsx(61,43): error TS2339: Property 'textInverse' does not exist on type 'ThemeColors'.
src/components/ProductCardV2.tsx(71,29): error TS2339: Property 'textInverse' does not exist on type 'ThemeColors'.
src/components/ProductCardV2.tsx(83,35): error TS2339: Property 'textInverse' does not exist on type 'ThemeColors'.
src/components/RefreshIndicator.tsx(76,29): error TS2339: Property 'accent' does not exist on type 'ThemeColors'.
src/components/RefreshIndicator.tsx(79,25): error TS2339: Property 'accent' does not exist on type 'ThemeColors'.
src/components/skeletons/ItemDetailSkeleton.tsx(7,31): error TS2339: Property 'card' does not exist on type 'ThemeColors'.
src/components/skeletons/ProfileSkeleton.tsx(8,25): error TS2339: Property 'card' does not exist on type 'ThemeColors'.
src/components/SyncRetryBanner.tsx(85,29): error TS2339: Property 'cardAlt' does not exist on type 'ThemeColors'.
src/components/SyncRetryBanner.tsx(103,29): error TS2339: Property 'card' does not exist on type 'ThemeColors'.
src/components/ui/AppStatusPill.tsx(56,33): error TS2339: Property 'cardAlt' does not exist on type 'ThemeColors'.
src/components/ui/Button.tsx(70,5): error TS2554: Expected 1 arguments, but got 0.
src/components/ui/Button.tsx(75,5): error TS2554: Expected 1 arguments, but got 0.
src/components/ui/Button.tsx(90,21): error TS2339: Property 'textInverse' does not exist on type 'ThemeColors'.
src/components/ui/Button.tsx(114,13): error TS2322: Type '(TextStyle | TextStyle[] | { letterSpacing: number; } | undefined)[]' is not assignable to type 'TextStyle'.
  Types of property 'filter' are incompatible.
    Type '{ <S extends TextStyle | TextStyle[] | { letterSpacing: number; } | undefined>(predicate: (value: TextStyle | TextStyle[] | { letterSpacing: number; } | undefined, index: number, array: (TextStyle | ... 2 more ... | undefined)[]) => value is S, thisArg?: any): S[]; (predicate: (value: TextStyle | ... 2 more ... | un...' is not assignable to type 'string | readonly FilterFunction[] | undefined'.
src/components/ui/Button.tsx(224,29): error TS2339: Property 'accent' does not exist on type 'ThemeColors'.
src/components/ui/Button.tsx(227,29): error TS2339: Property 'card' does not exist on type 'ThemeColors'.
src/components/ui/Skeleton.tsx(182,29): error TS2339: Property 'cardAlt' does not exist on type 'ThemeColors'.
src/navigation/TabNavigator.tsx(86,41): error TS2339: Property 'tabActive' does not exist on type 'ThemeColors'.
src/navigation/TabNavigator.tsx(87,43): error TS2339: Property 'tabInactive' does not exist on type 'ThemeColors'.
src/navigation/TabNavigator.tsx(187,29): error TS2339: Property 'tabActive' does not exist on type 'ThemeColors'.
src/preferences/authSnapshot.ts(21,37): error TS2339: Property 'getItem' does not exist on type 'AsyncStorageLike | typeof import("C:/Users/ASUS/Desktop/Thryftverse app/thryftverse/node_modules/@react-native-async-storage/async-storage/lib/typescript/index")'.
  Property 'getItem' does not exist on type 'typeof import("C:/Users/ASUS/Desktop/Thryftverse app/thryftverse/node_modules/@react-native-async-storage/async-storage/lib/typescript/index")'.
src/screens/AccountSettingsScreen.tsx(440,79): error TS2339: Property 'card' does not exist on type 'ThemeColors'.
src/screens/AccountSettingsScreen.tsx(448,117): error TS2339: Property 'card' does not exist on type 'ThemeColors'.
src/screens/AccountSettingsScreen.tsx(452,40): error TS2339: Property 'card' does not exist on type 'ThemeColors'.
src/screens/AccountSettingsScreen.tsx(458,46): error TS2339: Property 'cardAlt' does not exist on type 'ThemeColors'.
src/screens/AccountSettingsScreen.tsx(463,29): error TS2339: Property 'accent' does not exist on type 'ThemeColors'.
src/screens/AccountSettingsScreen.tsx(468,32): error TS2339: Property 'textInverse' does not exist on type 'ThemeColors'.
src/screens/AccountSettingsScreen.tsx(472,29): error TS2339: Property 'card' does not exist on type 'ThemeColors'.
src/screens/AccountSettingsScreen.tsx(483,29): error TS2339: Property 'cardAlt' does not exist on type 'ThemeColors'.
src/screens/AccountSettingsScreen.tsx(533,29): error TS2339: Property 'card' does not exist on type 'ThemeColors'.
src/screens/AddAddressScreen.tsx(28,25): error TS2339: Property 'card' does not exist on type 'ThemeColors'.
src/screens/AddAddressScreen.tsx(29,30): error TS2339: Property 'cardAlt' does not exist on type 'ThemeColors'.
src/screens/AddAddressScreen.tsx(162,40): error TS2339: Property 'accent' does not exist on type 'ThemeColors'.
src/screens/AddAddressScreen.tsx(178,40): error TS2339: Property 'accent' does not exist on type 'ThemeColors'.
src/screens/AddAddressScreen.tsx(195,42): error TS2339: Property 'accent' does not exist on type 'ThemeColors'.
src/screens/AddAddressScreen.tsx(212,42): error TS2339: Property 'accent' does not exist on type 'ThemeColors'.
src/screens/AddAddressScreen.tsx(232,48): error TS2339: Property 'accent' does not exist on type 'ThemeColors'.
src/screens/AddAddressScreen.tsx(384,25): error TS2339: Property 'accent' does not exist on type 'ThemeColors'.
src/screens/AddAddressScreen.tsx(405,29): error TS2339: Property 'accent' does not exist on type 'ThemeColors'.
src/screens/AddAddressScreen.tsx(417,19): error TS2339: Property 'textInverse' does not exist on type 'ThemeColors'.
src/screens/AddBankAccountScreen.tsx(34,21): error TS2339: Property 'card' does not exist on type 'ThemeColors'.
src/screens/AddBankAccountScreen.tsx(35,26): error TS2339: Property 'cardAlt' does not exist on type 'ThemeColors'.
src/screens/AddCardScreen.tsx(34,21): error TS2339: Property 'card' does not exist on type 'ThemeColors'.
src/screens/AddCardScreen.tsx(35,26): error TS2339: Property 'cardAlt' does not exist on type 'ThemeColors'.
src/screens/AssetDetailScreen.tsx(343,11): error TS2322: Type '"gold"' is not assignable to type 'AppButtonVariant | undefined'.
src/screens/AuctionsScreen.tsx(475,48): error TS2769: No overload matches this call.
  Argument of type '["MyBids"]' is not assignable to parameter of type '[screen: "Portfolio", params?: undefined, options?: { merge?: boolean | undefined; pop?: boolean | undefined; } | undefined] | [screen: "Settings", params?: undefined, options?: { merge?: boolean | undefined; pop?: boolean | undefined; } | undefined] | ... 55 more ... | [screen: ...]'.
    Type '["MyBids"]' is not assignable to type '[screen: "Portfolio", params?: undefined, options?: { merge?: boolean | undefined; pop?: boolean | undefined; } | undefined] | [screen: "Settings", params?: undefined, options?: { merge?: boolean | undefined; pop?: boolean | undefined; } | undefined] | ... 37 more ... | [screen: ...]'.
      Type '["MyBids"]' is not assignable to type '[screen: "TwoFactorSetup", params?: undefined, options?: { merge?: boolean | undefined; pop?: boolean | undefined; } | undefined]'.
        Type at position 0 in source is not compatible with type at position 0 in target.
          Type '"MyBids"' is not assignable to type '"TwoFactorSetup"'.
  Overload 2 of 2, '(options: { name: "Portfolio"; params: undefined; path?: string | undefined; merge?: boolean | undefined; pop?: boolean | undefined; } | { name: "Settings"; params: undefined; path?: string | undefined; merge?: boolean | undefined; pop?: boolean | undefined; } | ... 55 more ... | { ...; }): void', gave the following error.
    Argument of type 'string' is not assignable to parameter of type '{ name: "Portfolio"; params: undefined; path?: string | undefined; merge?: boolean | undefined; pop?: boolean | undefined; } | { name: "Settings"; params: undefined; path?: string | undefined; merge?: boolean | undefined; pop?: boolean | undefined; } | ... 55 more ... | { ...; }'.
src/screens/BrowseScreen.tsx(405,13): error TS2322: Type '"contrast"' is not assignable to type 'AppButtonVariant | undefined'.
src/screens/BrowseScreen.tsx(410,76): error TS2339: Property 'textInverse' does not exist on type 'ThemeColors'.
src/screens/BrowseScreen.tsx(506,90): error TS2339: Property 'card' does not exist on type 'ThemeColors'.
src/screens/BrowseScreen.tsx(542,41): error TS2339: Property 'textInverse' does not exist on type 'ThemeColors'.
src/screens/BrowseScreen.tsx(622,29): error TS2339: Property 'card' does not exist on type 'ThemeColors'.
src/screens/BrowseScreen.tsx(644,29): error TS2339: Property 'cardAlt' does not exist on type 'ThemeColors'.
src/screens/BrowseScreen.tsx(658,29): error TS2339: Property 'cardAlt' does not exist on type 'ThemeColors'.
src/screens/BuyoutScreen.tsx(175,74): error TS2339: Property 'textInverse' does not exist on type 'ThemeColors'.
src/screens/BuyoutScreen.tsx(178,11): error TS2322: Type '"gold"' is not assignable to type 'AppButtonVariant | undefined'.
src/screens/BuyoutScreen.tsx(285,19): error TS2339: Property 'textInverse' does not exist on type 'ThemeColors'.
src/screens/CategoryDetailScreen.tsx(155,79): error TS2339: Property 'card' does not exist on type 'ThemeColors'.
src/screens/CategoryDetailScreen.tsx(159,97): error TS2339: Property 'card' does not exist on type 'ThemeColors'.
src/screens/CategoryDetailScreen.tsx(163,86): error TS2339: Property 'card' does not exist on type 'ThemeColors'.
src/screens/CategoryDetailScreen.tsx(181,29): error TS2339: Property 'card' does not exist on type 'ThemeColors'.
src/screens/CategoryDetailScreen.tsx(203,29): error TS2339: Property 'cardAlt' does not exist on type 'ThemeColors'.
src/screens/CategoryDetailScreen.tsx(217,29): error TS2339: Property 'card' does not exist on type 'ThemeColors'.
src/screens/CategoryTreeScreen.tsx(22,26): error TS2339: Property 'cardAlt' does not exist on type 'ThemeColors'.
src/screens/CategoryTreeScreen.tsx(23,24): error TS2339: Property 'card' does not exist on type 'ThemeColors'.
src/screens/ChangePasswordScreen.tsx(122,79): error TS2339: Property 'card' does not exist on type 'ThemeColors'.
src/screens/ChangePasswordScreen.tsx(130,117): error TS2339: Property 'card' does not exist on type 'ThemeColors'.
src/screens/ChangePasswordScreen.tsx(143,29): error TS2339: Property 'accent' does not exist on type 'ThemeColors'.
src/screens/ChangePasswordScreen.tsx(150,19): error TS2339: Property 'textInverse' does not exist on type 'ThemeColors'.
src/screens/CreateAuctionScreen.tsx(189,64): error TS2339: Property 'textInverse' does not exist on type 'ThemeColors'.
src/screens/CreateAuctionScreen.tsx(370,29): error TS2339: Property 'accent' does not exist on type 'ThemeColors'.
src/screens/CreateAuctionScreen.tsx(376,19): error TS2339: Property 'textInverse' does not exist on type 'ThemeColors'.
src/screens/CreateAuctionScreen.tsx(451,25): error TS2339: Property 'accent' does not exist on type 'ThemeColors'.
src/screens/CreateAuctionScreen.tsx(460,19): error TS2339: Property 'accent' does not exist on type 'ThemeColors'.
src/screens/CreateAuctionScreen.tsx(499,29): error TS2339: Property 'accent' does not exist on type 'ThemeColors'.
src/screens/CreateAuctionScreen.tsx(521,25): error TS2339: Property 'accent' does not exist on type 'ThemeColors'.
src/screens/CreateAuctionScreen.tsx(552,29): error TS2339: Property 'accent' does not exist on type 'ThemeColors'.
src/screens/FavouritesScreen.tsx(31,33): error TS2339: Property 'card' does not exist on type 'ThemeColors'.
src/screens/FavouritesScreen.tsx(33,35): error TS2339: Property 'accent' does not exist on type 'ThemeColors'.
src/screens/ForgotPasswordScreen.tsx(124,79): error TS2339: Property 'card' does not exist on type 'ThemeColors'.
src/screens/GroupBotDirectoryScreen.tsx(22,22): error TS2339: Property 'card' does not exist on type 'ThemeColors'.
src/screens/GroupBotDirectoryScreen.tsx(213,29): error TS2339: Property 'cardAlt' does not exist on type 'ThemeColors'.
src/screens/GroupBotDirectoryScreen.tsx(238,29): error TS2339: Property 'cardAlt' does not exist on type 'ThemeColors'.
src/screens/GroupBotDirectoryScreen.tsx(242,25): error TS2339: Property 'accent' does not exist on type 'ThemeColors'.
src/screens/GroupBotDirectoryScreen.tsx(243,29): error TS2339: Property 'accent' does not exist on type 'ThemeColors'.
src/screens/GroupBotDirectoryScreen.tsx(251,19): error TS2339: Property 'textInverse' does not exist on type 'ThemeColors'.
src/screens/GroupBotDirectoryScreen.tsx(267,29): error TS2339: Property 'cardAlt' does not exist on type 'ThemeColors'.
src/screens/HelpSupportScreen.tsx(28,21): error TS2339: Property 'card' does not exist on type 'ThemeColors'.
src/screens/HelpSupportScreen.tsx(199,36): error TS2339: Property 'accent' does not exist on type 'ThemeColors'.
src/screens/HelpSupportScreen.tsx(210,59): error TS2339: Property 'textInverse' does not exist on type 'ThemeColors'.
src/screens/HelpSupportScreen.tsx(264,90): error TS2339: Property 'accent' does not exist on type 'ThemeColors'.
src/screens/HelpSupportScreen.tsx(265,65): error TS2339: Property 'textInverse' does not exist on type 'ThemeColors'.
src/screens/ListingSuccessScreen.tsx(29,25): error TS2339: Property 'card' does not exist on type 'ThemeColors'.
src/screens/ListingSuccessScreen.tsx(30,29): error TS2339: Property 'cardAlt' does not exist on type 'ThemeColors'.
src/screens/ListingSuccessScreen.tsx(32,25): error TS2339: Property 'accent' does not exist on type 'ThemeColors'.
src/screens/ListingSuccessScreen.tsx(33,27): error TS2339: Property 'textInverse' does not exist on type 'ThemeColors'.
src/screens/ListingSuccessScreen.tsx(83,64): error TS2339: Property 'accent' does not exist on type 'ThemeColors'.
src/screens/LoginScreen.tsx(483,17): error TS2322: Type '"contrast"' is not assignable to type 'AppButtonVariant | undefined'.
src/screens/LoginScreen.tsx(601,29): error TS2339: Property 'accent' does not exist on type 'ThemeColors'.
src/screens/LoginScreen.tsx(604,19): error TS2339: Property 'textInverse' does not exist on type 'ThemeColors'.
src/screens/MakeOfferScreen.tsx(199,41): error TS2322: Type '"tint"' is not assignable to type 'AppCardVariant | undefined'.
src/screens/MakeOfferScreen.tsx(201,59): error TS2339: Property 'textInverse' does not exist on type 'ThemeColors'.
src/screens/MakeOfferScreen.tsx(217,78): error TS2339: Property 'textInverse' does not exist on type 'ThemeColors'.
src/screens/ManageListingScreen.tsx(26,27): error TS2339: Property 'card' does not exist on type 'ThemeColors'.
src/screens/ManageListingScreen.tsx(27,26): error TS2339: Property 'cardAlt' does not exist on type 'ThemeColors'.
src/screens/ManageListingScreen.tsx(29,29): error TS2339: Property 'cardAlt' does not exist on type 'ThemeColors'.
src/screens/ManageListingScreen.tsx(260,29): error TS2339: Property 'cardAlt' does not exist on type 'ThemeColors'.
src/screens/ManageListingScreen.tsx(288,29): error TS2339: Property 'card' does not exist on type 'ThemeColors'.
src/screens/ManageListingScreen.tsx(303,75): error TS2339: Property 'accent' does not exist on type 'ThemeColors'.
src/screens/MarketLedgerScreen.tsx(42,29): error TS2339: Property 'accentGold' does not exist on type 'ThemeColors'.
src/screens/MarketLedgerScreen.tsx(43,33): error TS2339: Property 'card' does not exist on type 'ThemeColors'.
src/screens/MarketLedgerScreen.tsx(47,24): error TS2339: Property 'card' does not exist on type 'ThemeColors'.
src/screens/MarketLedgerScreen.tsx(50,23): error TS2339: Property 'card' does not exist on type 'ThemeColors'.
src/screens/MarketLedgerScreen.tsx(52,28): error TS2339: Property 'cardAlt' does not exist on type 'ThemeColors'.
src/screens/MarketLedgerScreen.tsx(53,30): error TS2339: Property 'card' does not exist on type 'ThemeColors'.
src/screens/MyOrdersScreen.tsx(377,79): error TS2339: Property 'card' does not exist on type 'ThemeColors'.
src/screens/MyOrdersScreen.tsx(380,66): error TS2339: Property 'card' does not exist on type 'ThemeColors'.
src/screens/MyOrdersScreen.tsx(382,43): error TS2339: Property 'cardAlt' does not exist on type 'ThemeColors'.
src/screens/MyOrdersScreen.tsx(387,102): error TS2339: Property 'card' does not exist on type 'ThemeColors'.
src/screens/MyOrdersScreen.tsx(397,40): error TS2339: Property 'card' does not exist on type 'ThemeColors'.
src/screens/MyOrdersScreen.tsx(404,75): error TS2339: Property 'accent' does not exist on type 'ThemeColors'.
src/screens/MyOrdersScreen.tsx(439,29): error TS2339: Property 'cardAlt' does not exist on type 'ThemeColors'.
src/screens/NotificationsScreen.tsx(429,48): error TS2339: Property 'accent' does not exist on type 'ThemeColors'.
src/screens/NotificationsScreen.tsx(508,29): error TS2339: Property 'accent' does not exist on type 'ThemeColors'.
src/screens/NotificationsScreen.tsx(574,29): error TS2339: Property 'accent' does not exist on type 'ThemeColors'.
src/screens/OrderDetailScreen.tsx(361,65): error TS2339: Property 'accent' does not exist on type 'ThemeColors'.
src/screens/OrderDetailScreen.tsx(386,79): error TS2339: Property 'accent' does not exist on type 'ThemeColors'.
src/screens/OrderDetailScreen.tsx(456,63): error TS2339: Property 'star' does not exist on type 'ThemeColors'.
src/screens/OrderDetailScreen.tsx(556,29): error TS2339: Property 'card' does not exist on type 'ThemeColors'.
src/screens/OrderDetailScreen.tsx(559,29): error TS2339: Property 'card' does not exist on type 'ThemeColors'.
src/screens/OrderDetailScreen.tsx(569,29): error TS2339: Property 'card' does not exist on type 'ThemeColors'.
src/screens/OrderDetailScreen.tsx(594,75): error TS2339: Property 'accent' does not exist on type 'ThemeColors'.
src/screens/OrderDetailScreen.tsx(614,29): error TS2339: Property 'card' does not exist on type 'ThemeColors'.
src/screens/OrderDetailScreen.tsx(648,25): error TS2339: Property 'accent' does not exist on type 'ThemeColors'.
src/screens/OrderDetailScreen.tsx(659,19): error TS2339: Property 'accent' does not exist on type 'ThemeColors'.
src/screens/OrderDetailScreen.tsx(663,43): error TS2339: Property 'card' does not exist on type 'ThemeColors'.
src/screens/OrderDetailScreen.tsx(668,29): error TS2339: Property 'accent' does not exist on type 'ThemeColors'.
src/screens/OrderDetailScreen.tsx(672,29): error TS2339: Property 'accent' does not exist on type 'ThemeColors'.
src/screens/OrderDetailScreen.tsx(673,25): error TS2339: Property 'accent' does not exist on type 'ThemeColors'.
src/screens/OrderDetailScreen.tsx(680,54): error TS2339: Property 'accent' does not exist on type 'ThemeColors'.
src/screens/OrderDetailScreen.tsx(693,29): error TS2339: Property 'card' does not exist on type 'ThemeColors'.
src/screens/OrderDetailScreen.tsx(718,25): error TS2339: Property 'accent' does not exist on type 'ThemeColors'.
src/screens/OrderDetailScreen.tsx(720,78): error TS2339: Property 'accent' does not exist on type 'ThemeColors'.
src/screens/OrderDetailScreen.tsx(723,37): error TS2339: Property 'card' does not exist on type 'ThemeColors'.
src/screens/OrderDetailScreen.tsx(732,29): error TS2339: Property 'card' does not exist on type 'ThemeColors'.
src/screens/OrderDetailScreen.tsx(746,29): error TS2339: Property 'accent' does not exist on type 'ThemeColors'.
src/screens/PaymentsScreen.tsx(27,25): error TS2339: Property 'card' does not exist on type 'ThemeColors'.
src/screens/PaymentsScreen.tsx(28,30): error TS2339: Property 'cardAlt' does not exist on type 'ThemeColors'.
src/screens/PersonalisationScreen.tsx(18,25): error TS2339: Property 'card' does not exist on type 'ThemeColors'.
src/screens/PersonalisationScreen.tsx(241,70): error TS2339: Property 'card' does not exist on type 'ThemeColors'.
src/screens/PortfolioScreen.tsx(31,29): error TS2339: Property 'accentGold' does not exist on type 'ThemeColors'.
src/screens/PortfolioScreen.tsx(32,30): error TS2339: Property 'card' does not exist on type 'ThemeColors'.
src/screens/PortfolioScreen.tsx(36,24): error TS2339: Property 'card' does not exist on type 'ThemeColors'.
src/screens/PortfolioScreen.tsx(507,29): error TS2339: Property 'cardAlt' does not exist on type 'ThemeColors'.
src/screens/PortfolioScreen.tsx(530,29): error TS2339: Property 'cardAlt' does not exist on type 'ThemeColors'.
src/screens/PostageScreen.tsx(187,34): error TS2339: Property 'textInverse' does not exist on type 'ThemeColors'.
src/screens/PostageScreen.tsx(200,34): error TS2339: Property 'textInverse' does not exist on type 'ThemeColors'.
src/screens/PosterEditorScreen.tsx(280,48): error TS2339: Property 'accent' does not exist on type 'ThemeColors'.
src/screens/PosterEditorScreen.tsx(329,84): error TS2339: Property 'textInverse' does not exist on type 'ThemeColors'.
src/screens/PosterEditorScreen.tsx(388,29): error TS2339: Property 'card' does not exist on type 'ThemeColors'.
src/screens/PosterEditorScreen.tsx(425,29): error TS2339: Property 'card' does not exist on type 'ThemeColors'.
src/screens/PosterEditorScreen.tsx(471,29): error TS2339: Property 'card' does not exist on type 'ThemeColors'.
src/screens/PosterEditorScreen.tsx(520,29): error TS2339: Property 'card' does not exist on type 'ThemeColors'.
src/screens/PosterEditorScreen.tsx(524,25): error TS2339: Property 'accent' does not exist on type 'ThemeColors'.
src/screens/PosterEditorScreen.tsx(525,29): error TS2339: Property 'cardAlt' does not exist on type 'ThemeColors'.
src/screens/PosterEditorScreen.tsx(533,19): error TS2339: Property 'accent' does not exist on type 'ThemeColors'.
src/screens/PosterEditorScreen.tsx(541,29): error TS2339: Property 'card' does not exist on type 'ThemeColors'.
src/screens/PosterViewerScreen.tsx(228,71): error TS2339: Property 'accent' does not exist on type 'ThemeColors'.
src/screens/PosterViewerScreen.tsx(460,29): error TS2339: Property 'accent' does not exist on type 'ThemeColors'.
src/screens/PushNotificationsScreen.tsx(37,21): error TS2339: Property 'card' does not exist on type 'ThemeColors'.
src/screens/PushNotificationsScreen.tsx(227,38): error TS2339: Property 'textInverse' does not exist on type 'ThemeColors'.
src/screens/PushNotificationsScreen.tsx(302,29): error TS2339: Property 'accent' does not exist on type 'ThemeColors'.
src/screens/PushNotificationsScreen.tsx(306,29): error TS2339: Property 'cardAlt' does not exist on type 'ThemeColors'.
src/screens/PushNotificationsScreen.tsx(310,29): error TS2339: Property 'accent' does not exist on type 'ThemeColors'.
src/screens/ReportScreen.tsx(78,72): error TS2339: Property 'textInverse' does not exist on type 'ThemeColors'.
src/screens/ReportScreen.tsx(113,79): error TS2339: Property 'card' does not exist on type 'ThemeColors'.
src/screens/ReportScreen.tsx(129,29): error TS2339: Property 'card' does not exist on type 'ThemeColors'.
src/screens/ReportScreen.tsx(134,29): error TS2339: Property 'accent' does not exist on type 'ThemeColors'.
src/screens/ReportScreen.tsx(135,25): error TS2339: Property 'accent' does not exist on type 'ThemeColors'.
src/screens/ReportScreen.tsx(138,33): error TS2339: Property 'textInverse' does not exist on type 'ThemeColors'.
src/screens/SignUpScreen.tsx(222,79): error TS2339: Property 'card' does not exist on type 'ThemeColors'.
src/screens/SuccessScreen.tsx(127,29): error TS2339: Property 'card' does not exist on type 'ThemeColors'.
src/screens/SuccessScreen.tsx(155,29): error TS2339: Property 'card' does not exist on type 'ThemeColors'.
src/screens/SyndicateHubScreen.tsx(42,29): error TS2339: Property 'accentGold' does not exist on type 'ThemeColors'.
src/screens/SyndicateHubScreen.tsx(43,25): error TS2339: Property 'card' does not exist on type 'ThemeColors'.
src/screens/SyndicateHubScreen.tsx(45,26): error TS2339: Property 'cardAlt' does not exist on type 'ThemeColors'.
src/screens/SyndicateHubScreen.tsx(222,17): error TS2322: Type '"gold"' is not assignable to type 'AppButtonVariant | undefined'.
src/screens/SyndicateHubScreen.tsx(328,17): error TS2322: Type '"gold"' is not assignable to type 'AppButtonVariant | undefined'.
src/screens/SyndicateHubScreen.tsx(331,82): error TS2339: Property 'textInverse' does not exist on type 'ThemeColors'.
src/screens/SyndicateHubScreen.tsx(338,17): error TS2322: Type '"gold"' is not assignable to type 'AppButtonVariant | undefined'.
src/screens/SyndicateHubScreen.tsx(341,77): error TS2339: Property 'textInverse' does not exist on type 'ThemeColors'.
src/screens/SyndicateHubScreen.tsx(343,52): error TS2345: Argument of type '["MyListings", { type: "coown"; }]' is not assignable to parameter of type '[screen: "Portfolio", params?: undefined, options?: { merge?: boolean | undefined; pop?: boolean | undefined; } | undefined] | [screen: "Settings", params?: undefined, options?: { merge?: boolean | undefined; pop?: boolean | undefined; } | undefined] | ... 55 more ... | [screen: ...]'.
  Type '["MyListings", { type: "coown"; }]' is not assignable to type '[screen: "Report", params: { type: "user" | "item"; }, options?: { merge?: boolean | undefined; pop?: boolean | undefined; } | undefined]'.
    Type at position 0 in source is not compatible with type at position 0 in target.
      Type '"MyListings"' is not assignable to type '"Report"'.
src/screens/SyndicateHubScreen.tsx(348,17): error TS2322: Type '"gold"' is not assignable to type 'AppButtonVariant | undefined'.
src/screens/SyndicateHubScreen.tsx(351,77): error TS2339: Property 'textInverse' does not exist on type 'ThemeColors'.
src/screens/SyndicateOnboardingScreen.tsx(21,29): error TS2339: Property 'accentGold' does not exist on type 'ThemeColors'.
src/screens/SyndicateOnboardingScreen.tsx(22,33): error TS2339: Property 'card' does not exist on type 'ThemeColors'.
src/screens/SyndicateOnboardingScreen.tsx(196,29): error TS2339: Property 'accentGold' does not exist on type 'ThemeColors'.
src/screens/TradeScreen.tsx(242,41): error TS2322: Type '"tint"' is not assignable to type 'AppCardVariant | undefined'.
src/screens/TradeScreen.tsx(309,11): error TS2322: Type '"gold"' is not assignable to type 'AppButtonVariant | undefined'.
src/screens/TwoFactorSetupScreen.tsx(25,25): error TS2339: Property 'card' does not exist on type 'ThemeColors'.
src/screens/Wallet/WalletScreen.tsx(86,83): error TS2339: Property 'accent' does not exist on type 'ThemeColors'.
src/screens/Wallet/WalletScreen.tsx(87,84): error TS2339: Property 'accentGold' does not exist on type 'ThemeColors'.
src/screens/Wallet/WalletScreen.tsx(121,70): error TS2339: Property 'accent' does not exist on type 'ThemeColors'.
src/screens/Wallet/WalletScreen.tsx(122,65): error TS2339: Property 'accent' does not exist on type 'ThemeColors'.
src/screens/Wallet/WalletScreen.tsx(135,70): error TS2339: Property 'accentGold' does not exist on type 'ThemeColors'.
src/screens/Wallet/WalletScreen.tsx(136,70): error TS2339: Property 'accentGold' does not exist on type 'ThemeColors'.
src/screens/Wallet/WalletScreen.tsx(154,38): error TS2339: Property 'accent' does not exist on type 'ThemeColors'.
src/screens/Wallet/WalletScreen.tsx(224,68): error TS2339: Property 'accent' does not exist on type 'ThemeColors'.
src/screens/Wallet/WalletScreen.tsx(232,67): error TS2339: Property 'accent' does not exist on type 'ThemeColors'.
src/screens/Wallet/WalletScreen.tsx(292,29): error TS2339: Property 'accent' does not exist on type 'ThemeColors'.
src/screens/Wallet/WalletScreen.tsx(308,29): error TS2339: Property 'card' does not exist on type 'ThemeColors'.
src/screens/WriteReviewScreen.tsx(54,50): error TS2339: Property 'star' does not exist on type 'ThemeColors'.
src/screens/WriteReviewScreen.tsx(101,79): error TS2339: Property 'card' does not exist on type 'ThemeColors'.
src/screens/WriteReviewScreen.tsx(115,29): error TS2339: Property 'card' does not exist on type 'ThemeColors'.
