[     993ms] [WARNING] [expo-notifications] Listening to push token changes is not yet fully supported on web. Adding a listener will have no effect. @ http://localhost:8083/index.ts.bundle?platform=web&dev=true&hot=false&lazy=true&transform.engine=hermes&transform.routerRoot=app&unstable_transformProfile=hermes-stable:124750
[     998ms] [LOG] Running application "main" with appParams:
 {rootTag: #root, hydrate: undefined} 
Development-level warnings: ON.
Performance optimizations: OFF. @ http://localhost:8083/index.ts.bundle?platform=web&dev=true&hot=false&lazy=true&transform.engine=hermes&transform.routerRoot=app&unstable_transformProfile=hermes-stable:124750
[    1000ms] [INFO] %cDownload the React DevTools for a better development experience: https://react.dev/link/react-devtools font-weight:bold @ http://localhost:8083/index.ts.bundle?platform=web&dev=true&hot=false&lazy=true&transform.engine=hermes&transform.routerRoot=app&unstable_transformProfile=hermes-stable:124750
[    1013ms] [WARNING] [sslPinning] status: not-installed. Initialisation failed — pinning NOT active. Error: Cannot find module 'react-native-ssl-public-key-pinning'
    at metroRequire (http://localhost:8083/index.ts.bundle?platform=web&dev=true&hot=false&lazy=true&transform.engine=hermes&transform.routerRoot=app&unstable_transformProfile=hermes-stable:61:15)
    at metroRequire.metroImportAll [as importAll] (http://localhost:8083/index.ts.bundle?platform=web&dev=true&hot=false&lazy=true&transform.engine=hermes&transform.routerRoot=app&unstable_transformProfile=hermes-stable:105:21)
    at importAll (http://localhost:8083/index.ts.bundle?platform=web&dev=true&hot=false&lazy=true&transform.engine=hermes&transform.routerRoot=app&unstable_transformProfile=hermes-stable:153047:37)
    at asyncRequireImpl (http://localhost:8083/index.ts.bundle?platform=web&dev=true&hot=false&lazy=true&transform.engine=hermes&transform.routerRoot=app&unstable_transformProfile=hermes-stable:153055:16)
    at asyncRequire (http://localhost:8083/index.ts.bundle?platform=web&dev=true&hot=false&lazy=true&transform.engine=hermes&transform.routerRoot=app&unstable_transformProfile=hermes-stable:153074:17)
    at initializeSslPinning (http://localhost:8083/index.ts.bundle?platform=web&dev=true&hot=false&lazy=true&transform.engine=hermes&transform.routerRoot=app&unstable_transformProfile=hermes-stable:223577:89)
    at initializeAppBootstrapState (http://localhost:8083/index.ts.bundle?platform=web&dev=true&hot=false&lazy=true&transform.engine=hermes&transform.routerRoot=app&unstable_transformProfile=hermes-stable:120335:96)
    at http://localhost:8083/index.ts.bundle?platform=web&dev=true&hot=false&lazy=true&transform.engine=hermes&transform.routerRoot=app&unstable_transformProfile=hermes-stable:120381:7
    at Object.react_stack_bottom_frame (http://localhost:8083/index.ts.bundle?platform=web&dev=true&hot=false&lazy=true&transform.engine=hermes&transform.routerRoot=app&unstable_transformProfile=hermes-stable:141303:20)
    at runWithFiberInDEV (http://localhost:8083/index.ts.bundle?platform=web&dev=true&hot=false&lazy=true&transform.engine=hermes&transform.routerRoot=app&unstable_transformProfile=hermes-stable:128591:70) @ http://localhost:8083/index.ts.bundle?platform=web&dev=true&hot=false&lazy=true&transform.engine=hermes&transform.routerRoot=app&unstable_transformProfile=hermes-stable:124750
[    1039ms] [WARNING] [apiClient] SecureStore unavailable — auth tokens will fall back to unencrypted AsyncStorage @ http://localhost:8083/index.ts.bundle?platform=web&dev=true&hot=false&lazy=true&transform.engine=hermes&transform.routerRoot=app&unstable_transformProfile=hermes-stable:124750
[    3098ms] [WARNING] "shadow*" style props are deprecated. Use "boxShadow". @ http://localhost:8083/index.ts.bundle?platform=web&dev=true&hot=false&lazy=true&transform.engine=hermes&transform.routerRoot=app&unstable_transformProfile=hermes-stable:124750
[    3102ms] [WARNING] [Reanimated] Reduced motion setting is overwritten with mode 'system'. @ http://localhost:8083/index.ts.bundle?platform=web&dev=true&hot=false&lazy=true&transform.engine=hermes&transform.routerRoot=app&unstable_transformProfile=hermes-stable:124750
[    3142ms] [WARNING] Require cycle: src/i18n/index.ts -> src/i18n/i18n.ts -> src/i18n/index.ts

Require cycles are allowed, but can result in uninitialized values. Consider refactoring to remove the need for a cycle. @ http://localhost:8083/index.ts.bundle?platform=web&dev=true&hot=false&lazy=true&transform.engine=hermes&transform.routerRoot=app&unstable_transformProfile=hermes-stable:124750
[    3144ms] [WARNING] Require cycle: src/i18n/index.ts -> src/i18n/i18n.ts -> src/i18n/index.ts

Require cycles are allowed, but can result in uninitialized values. Consider refactoring to remove the need for a cycle. @ http://localhost:8083/index.ts.bundle?platform=web&dev=true&hot=false&lazy=true&transform.engine=hermes&transform.routerRoot=app&unstable_transformProfile=hermes-stable:124750
[    3145ms] [WARNING] Require cycle: src/i18n/index.ts -> src/i18n/i18n.ts -> src/i18n/index.ts

Require cycles are allowed, but can result in uninitialized values. Consider refactoring to remove the need for a cycle. @ http://localhost:8083/index.ts.bundle?platform=web&dev=true&hot=false&lazy=true&transform.engine=hermes&transform.routerRoot=app&unstable_transformProfile=hermes-stable:124750
[    3146ms] [WARNING] Require cycle: src/i18n/index.ts -> src/i18n/i18n.ts -> src/i18n/index.ts

Require cycles are allowed, but can result in uninitialized values. Consider refactoring to remove the need for a cycle. @ http://localhost:8083/index.ts.bundle?platform=web&dev=true&hot=false&lazy=true&transform.engine=hermes&transform.routerRoot=app&unstable_transformProfile=hermes-stable:124750
[    3147ms] [WARNING] Require cycle: src/i18n/index.ts -> src/i18n/i18n.ts -> src/i18n/index.ts

Require cycles are allowed, but can result in uninitialized values. Consider refactoring to remove the need for a cycle. @ http://localhost:8083/index.ts.bundle?platform=web&dev=true&hot=false&lazy=true&transform.engine=hermes&transform.routerRoot=app&unstable_transformProfile=hermes-stable:124750
[    3149ms] [WARNING] Require cycle: src/i18n/index.ts -> src/i18n/i18n.ts -> src/i18n/index.ts

Require cycles are allowed, but can result in uninitialized values. Consider refactoring to remove the need for a cycle. @ http://localhost:8083/index.ts.bundle?platform=web&dev=true&hot=false&lazy=true&transform.engine=hermes&transform.routerRoot=app&unstable_transformProfile=hermes-stable:124750
[    3149ms] [WARNING] Require cycle: src/i18n/index.ts -> src/i18n/i18n.ts -> src/i18n/index.ts

Require cycles are allowed, but can result in uninitialized values. Consider refactoring to remove the need for a cycle. @ http://localhost:8083/index.ts.bundle?platform=web&dev=true&hot=false&lazy=true&transform.engine=hermes&transform.routerRoot=app&unstable_transformProfile=hermes-stable:124750
[    3151ms] [WARNING] Require cycle: src/i18n/index.ts -> src/i18n/i18n.ts -> src/i18n/index.ts

Require cycles are allowed, but can result in uninitialized values. Consider refactoring to remove the need for a cycle. @ http://localhost:8083/index.ts.bundle?platform=web&dev=true&hot=false&lazy=true&transform.engine=hermes&transform.routerRoot=app&unstable_transformProfile=hermes-stable:124750
[    3152ms] [WARNING] Require cycle: src/i18n/index.ts -> src/i18n/i18n.ts -> src/i18n/index.ts

Require cycles are allowed, but can result in uninitialized values. Consider refactoring to remove the need for a cycle. @ http://localhost:8083/index.ts.bundle?platform=web&dev=true&hot=false&lazy=true&transform.engine=hermes&transform.routerRoot=app&unstable_transformProfile=hermes-stable:124750
[    3154ms] [WARNING] Require cycle: src/i18n/index.ts -> src/i18n/i18n.ts -> src/i18n/index.ts

Require cycles are allowed, but can result in uninitialized values. Consider refactoring to remove the need for a cycle. @ http://localhost:8083/index.ts.bundle?platform=web&dev=true&hot=false&lazy=true&transform.engine=hermes&transform.routerRoot=app&unstable_transformProfile=hermes-stable:124750
[    3155ms] [WARNING] Require cycle: src/i18n/index.ts -> src/i18n/i18n.ts -> src/i18n/index.ts

Require cycles are allowed, but can result in uninitialized values. Consider refactoring to remove the need for a cycle. @ http://localhost:8083/index.ts.bundle?platform=web&dev=true&hot=false&lazy=true&transform.engine=hermes&transform.routerRoot=app&unstable_transformProfile=hermes-stable:124750
[    3157ms] [WARNING] Require cycle: src/i18n/index.ts -> src/i18n/i18n.ts -> src/i18n/index.ts

Require cycles are allowed, but can result in uninitialized values. Consider refactoring to remove the need for a cycle. @ http://localhost:8083/index.ts.bundle?platform=web&dev=true&hot=false&lazy=true&transform.engine=hermes&transform.routerRoot=app&unstable_transformProfile=hermes-stable:124750
[    3158ms] [WARNING] Require cycle: src/i18n/index.ts -> src/i18n/i18n.ts -> src/i18n/index.ts

Require cycles are allowed, but can result in uninitialized values. Consider refactoring to remove the need for a cycle. @ http://localhost:8083/index.ts.bundle?platform=web&dev=true&hot=false&lazy=true&transform.engine=hermes&transform.routerRoot=app&unstable_transformProfile=hermes-stable:124750
[    3160ms] [WARNING] Require cycle: src/i18n/index.ts -> src/i18n/i18n.ts -> src/i18n/index.ts

Require cycles are allowed, but can result in uninitialized values. Consider refactoring to remove the need for a cycle. @ http://localhost:8083/index.ts.bundle?platform=web&dev=true&hot=false&lazy=true&transform.engine=hermes&transform.routerRoot=app&unstable_transformProfile=hermes-stable:124750
[    3161ms] [WARNING] Require cycle: src/i18n/index.ts -> src/i18n/i18n.ts -> src/i18n/index.ts

Require cycles are allowed, but can result in uninitialized values. Consider refactoring to remove the need for a cycle. @ http://localhost:8083/index.ts.bundle?platform=web&dev=true&hot=false&lazy=true&transform.engine=hermes&transform.routerRoot=app&unstable_transformProfile=hermes-stable:124750
[    3163ms] [WARNING] Require cycle: src/i18n/index.ts -> src/i18n/i18n.ts -> src/i18n/index.ts

Require cycles are allowed, but can result in uninitialized values. Consider refactoring to remove the need for a cycle. @ http://localhost:8083/index.ts.bundle?platform=web&dev=true&hot=false&lazy=true&transform.engine=hermes&transform.routerRoot=app&unstable_transformProfile=hermes-stable:124750
[    3241ms] [INFO] [telemetry] screen_view {screen: AgeVerification, session_id: d9b9825f-8d52-4e9e-8d43-6bfafe2ab7c3, timestamp: 2026-09-03T00:36:54.910Z} @ http://localhost:8083/index.ts.bundle?platform=web&dev=true&hot=false&lazy=true&transform.engine=hermes&transform.routerRoot=app&unstable_transformProfile=hermes-stable:124750
[    3254ms] [INFO] [backendDiagnostics] sync — count=10 error=none baseUrl=http://localhost:4000/api/v1 @ http://localhost:8083/index.ts.bundle?platform=web&dev=true&hot=false&lazy=true&transform.engine=hermes&transform.routerRoot=app&unstable_transformProfile=hermes-stable:124750
[    3779ms] [ERROR] WebSocket connection to 'ws://localhost:4000/api/v1/realtime/ws?topics=' failed: HTTP Authentication failed; no valid credentials available @ http://localhost:8083/index.ts.bundle?platform=web&dev=true&hot=false&lazy=true&transform.engine=hermes&transform.routerRoot=app&unstable_transformProfile=hermes-stable:491559
[    4509ms] [ERROR] WebSocket connection to 'ws://localhost:4000/api/v1/realtime/ws?topics=' failed: HTTP Authentication failed; no valid credentials available @ http://localhost:8083/index.ts.bundle?platform=web&dev=true&hot=false&lazy=true&transform.engine=hermes&transform.routerRoot=app&unstable_transformProfile=hermes-stable:491559
[    5609ms] [ERROR] WebSocket connection to 'ws://localhost:4000/api/v1/realtime/ws?topics=' failed: HTTP Authentication failed; no valid credentials available @ http://localhost:8083/index.ts.bundle?platform=web&dev=true&hot=false&lazy=true&transform.engine=hermes&transform.routerRoot=app&unstable_transformProfile=hermes-stable:491559
[    6109ms] [ERROR] WebSocket connection to 'ws://localhost:4000/api/v1/realtime/ws?topics=' failed: HTTP Authentication failed; no valid credentials available @ http://localhost:8083/index.ts.bundle?platform=web&dev=true&hot=false&lazy=true&transform.engine=hermes&transform.routerRoot=app&unstable_transformProfile=hermes-stable:491559
[    7078ms] [ERROR] WebSocket connection to 'ws://localhost:4000/api/v1/realtime/ws?topics=' failed: HTTP Authentication failed; no valid credentials available @ http://localhost:8083/index.ts.bundle?platform=web&dev=true&hot=false&lazy=true&transform.engine=hermes&transform.routerRoot=app&unstable_transformProfile=hermes-stable:491559
[    7425ms] [ERROR] WebSocket connection to 'ws://localhost:4000/api/v1/realtime/ws?topics=' failed: HTTP Authentication failed; no valid credentials available @ http://localhost:8083/index.ts.bundle?platform=web&dev=true&hot=false&lazy=true&transform.engine=hermes&transform.routerRoot=app&unstable_transformProfile=hermes-stable:491559
[    8527ms] [ERROR] WebSocket connection to 'ws://localhost:4000/api/v1/realtime/ws?topics=' failed: HTTP Authentication failed; no valid credentials available @ http://localhost:8083/index.ts.bundle?platform=web&dev=true&hot=false&lazy=true&transform.engine=hermes&transform.routerRoot=app&unstable_transformProfile=hermes-stable:491559
[   10741ms] [WARNING] [expo-notifications] Listening to push token changes is not yet fully supported on web. Adding a listener will have no effect. @ http://localhost:8083/index.ts.bundle?platform=web&dev=true&hot=false&lazy=true&transform.engine=hermes&transform.routerRoot=app&unstable_transformProfile=hermes-stable:124750
[   10744ms] [LOG] Running application "main" with appParams:
 {rootTag: #root, hydrate: undefined} 
Development-level warnings: ON.
Performance optimizations: OFF. @ http://localhost:8083/index.ts.bundle?platform=web&dev=true&hot=false&lazy=true&transform.engine=hermes&transform.routerRoot=app&unstable_transformProfile=hermes-stable:124750
[   10746ms] [INFO] %cDownload the React DevTools for a better development experience: https://react.dev/link/react-devtools font-weight:bold @ http://localhost:8083/index.ts.bundle?platform=web&dev=true&hot=false&lazy=true&transform.engine=hermes&transform.routerRoot=app&unstable_transformProfile=hermes-stable:124750
[   10757ms] [WARNING] [sslPinning] status: not-installed. Initialisation failed — pinning NOT active. Error: Cannot find module 'react-native-ssl-public-key-pinning'
    at metroRequire (http://localhost:8083/index.ts.bundle?platform=web&dev=true&hot=false&lazy=true&transform.engine=hermes&transform.routerRoot=app&unstable_transformProfile=hermes-stable:61:15)
    at metroRequire.metroImportAll [as importAll] (http://localhost:8083/index.ts.bundle?platform=web&dev=true&hot=false&lazy=true&transform.engine=hermes&transform.routerRoot=app&unstable_transformProfile=hermes-stable:105:21)
    at importAll (http://localhost:8083/index.ts.bundle?platform=web&dev=true&hot=false&lazy=true&transform.engine=hermes&transform.routerRoot=app&unstable_transformProfile=hermes-stable:153047:37)
    at asyncRequireImpl (http://localhost:8083/index.ts.bundle?platform=web&dev=true&hot=false&lazy=true&transform.engine=hermes&transform.routerRoot=app&unstable_transformProfile=hermes-stable:153055:16)
    at asyncRequire (http://localhost:8083/index.ts.bundle?platform=web&dev=true&hot=false&lazy=true&transform.engine=hermes&transform.routerRoot=app&unstable_transformProfile=hermes-stable:153074:17)
    at initializeSslPinning (http://localhost:8083/index.ts.bundle?platform=web&dev=true&hot=false&lazy=true&transform.engine=hermes&transform.routerRoot=app&unstable_transformProfile=hermes-stable:223577:89)
    at initializeAppBootstrapState (http://localhost:8083/index.ts.bundle?platform=web&dev=true&hot=false&lazy=true&transform.engine=hermes&transform.routerRoot=app&unstable_transformProfile=hermes-stable:120335:96)
    at http://localhost:8083/index.ts.bundle?platform=web&dev=true&hot=false&lazy=true&transform.engine=hermes&transform.routerRoot=app&unstable_transformProfile=hermes-stable:120381:7
    at Object.react_stack_bottom_frame (http://localhost:8083/index.ts.bundle?platform=web&dev=true&hot=false&lazy=true&transform.engine=hermes&transform.routerRoot=app&unstable_transformProfile=hermes-stable:141303:20)
    at runWithFiberInDEV (http://localhost:8083/index.ts.bundle?platform=web&dev=true&hot=false&lazy=true&transform.engine=hermes&transform.routerRoot=app&unstable_transformProfile=hermes-stable:128591:70) @ http://localhost:8083/index.ts.bundle?platform=web&dev=true&hot=false&lazy=true&transform.engine=hermes&transform.routerRoot=app&unstable_transformProfile=hermes-stable:124750
[   10780ms] [WARNING] [apiClient] SecureStore unavailable — auth tokens will fall back to unencrypted AsyncStorage @ http://localhost:8083/index.ts.bundle?platform=web&dev=true&hot=false&lazy=true&transform.engine=hermes&transform.routerRoot=app&unstable_transformProfile=hermes-stable:124750
[   12828ms] [WARNING] "shadow*" style props are deprecated. Use "boxShadow". @ http://localhost:8083/index.ts.bundle?platform=web&dev=true&hot=false&lazy=true&transform.engine=hermes&transform.routerRoot=app&unstable_transformProfile=hermes-stable:124750
[   12832ms] [WARNING] [Reanimated] Reduced motion setting is overwritten with mode 'system'. @ http://localhost:8083/index.ts.bundle?platform=web&dev=true&hot=false&lazy=true&transform.engine=hermes&transform.routerRoot=app&unstable_transformProfile=hermes-stable:124750
[   12856ms] [WARNING] Require cycle: src/i18n/index.ts -> src/i18n/i18n.ts -> src/i18n/index.ts

Require cycles are allowed, but can result in uninitialized values. Consider refactoring to remove the need for a cycle. @ http://localhost:8083/index.ts.bundle?platform=web&dev=true&hot=false&lazy=true&transform.engine=hermes&transform.routerRoot=app&unstable_transformProfile=hermes-stable:124750
[   12857ms] [WARNING] Require cycle: src/i18n/index.ts -> src/i18n/i18n.ts -> src/i18n/index.ts

Require cycles are allowed, but can result in uninitialized values. Consider refactoring to remove the need for a cycle. @ http://localhost:8083/index.ts.bundle?platform=web&dev=true&hot=false&lazy=true&transform.engine=hermes&transform.routerRoot=app&unstable_transformProfile=hermes-stable:124750
[   12858ms] [WARNING] Require cycle: src/i18n/index.ts -> src/i18n/i18n.ts -> src/i18n/index.ts

Require cycles are allowed, but can result in uninitialized values. Consider refactoring to remove the need for a cycle. @ http://localhost:8083/index.ts.bundle?platform=web&dev=true&hot=false&lazy=true&transform.engine=hermes&transform.routerRoot=app&unstable_transformProfile=hermes-stable:124750
[   12859ms] [WARNING] Require cycle: src/i18n/index.ts -> src/i18n/i18n.ts -> src/i18n/index.ts

Require cycles are allowed, but can result in uninitialized values. Consider refactoring to remove the need for a cycle. @ http://localhost:8083/index.ts.bundle?platform=web&dev=true&hot=false&lazy=true&transform.engine=hermes&transform.routerRoot=app&unstable_transformProfile=hermes-stable:124750
[   12860ms] [WARNING] Require cycle: src/i18n/index.ts -> src/i18n/i18n.ts -> src/i18n/index.ts

Require cycles are allowed, but can result in uninitialized values. Consider refactoring to remove the need for a cycle. @ http://localhost:8083/index.ts.bundle?platform=web&dev=true&hot=false&lazy=true&transform.engine=hermes&transform.routerRoot=app&unstable_transformProfile=hermes-stable:124750
[   12861ms] [WARNING] Require cycle: src/i18n/index.ts -> src/i18n/i18n.ts -> src/i18n/index.ts

Require cycles are allowed, but can result in uninitialized values. Consider refactoring to remove the need for a cycle. @ http://localhost:8083/index.ts.bundle?platform=web&dev=true&hot=false&lazy=true&transform.engine=hermes&transform.routerRoot=app&unstable_transformProfile=hermes-stable:124750
[   12863ms] [WARNING] Require cycle: src/i18n/index.ts -> src/i18n/i18n.ts -> src/i18n/index.ts

Require cycles are allowed, but can result in uninitialized values. Consider refactoring to remove the need for a cycle. @ http://localhost:8083/index.ts.bundle?platform=web&dev=true&hot=false&lazy=true&transform.engine=hermes&transform.routerRoot=app&unstable_transformProfile=hermes-stable:124750
[   12864ms] [WARNING] Require cycle: src/i18n/index.ts -> src/i18n/i18n.ts -> src/i18n/index.ts

Require cycles are allowed, but can result in uninitialized values. Consider refactoring to remove the need for a cycle. @ http://localhost:8083/index.ts.bundle?platform=web&dev=true&hot=false&lazy=true&transform.engine=hermes&transform.routerRoot=app&unstable_transformProfile=hermes-stable:124750
[   12866ms] [WARNING] Require cycle: src/i18n/index.ts -> src/i18n/i18n.ts -> src/i18n/index.ts

Require cycles are allowed, but can result in uninitialized values. Consider refactoring to remove the need for a cycle. @ http://localhost:8083/index.ts.bundle?platform=web&dev=true&hot=false&lazy=true&transform.engine=hermes&transform.routerRoot=app&unstable_transformProfile=hermes-stable:124750
[   12867ms] [WARNING] Require cycle: src/i18n/index.ts -> src/i18n/i18n.ts -> src/i18n/index.ts

Require cycles are allowed, but can result in uninitialized values. Consider refactoring to remove the need for a cycle. @ http://localhost:8083/index.ts.bundle?platform=web&dev=true&hot=false&lazy=true&transform.engine=hermes&transform.routerRoot=app&unstable_transformProfile=hermes-stable:124750
[   12869ms] [WARNING] Require cycle: src/i18n/index.ts -> src/i18n/i18n.ts -> src/i18n/index.ts

Require cycles are allowed, but can result in uninitialized values. Consider refactoring to remove the need for a cycle. @ http://localhost:8083/index.ts.bundle?platform=web&dev=true&hot=false&lazy=true&transform.engine=hermes&transform.routerRoot=app&unstable_transformProfile=hermes-stable:124750
[   12871ms] [WARNING] Require cycle: src/i18n/index.ts -> src/i18n/i18n.ts -> src/i18n/index.ts

Require cycles are allowed, but can result in uninitialized values. Consider refactoring to remove the need for a cycle. @ http://localhost:8083/index.ts.bundle?platform=web&dev=true&hot=false&lazy=true&transform.engine=hermes&transform.routerRoot=app&unstable_transformProfile=hermes-stable:124750
[   12872ms] [WARNING] Require cycle: src/i18n/index.ts -> src/i18n/i18n.ts -> src/i18n/index.ts

Require cycles are allowed, but can result in uninitialized values. Consider refactoring to remove the need for a cycle. @ http://localhost:8083/index.ts.bundle?platform=web&dev=true&hot=false&lazy=true&transform.engine=hermes&transform.routerRoot=app&unstable_transformProfile=hermes-stable:124750
[   12873ms] [WARNING] Require cycle: src/i18n/index.ts -> src/i18n/i18n.ts -> src/i18n/index.ts

Require cycles are allowed, but can result in uninitialized values. Consider refactoring to remove the need for a cycle. @ http://localhost:8083/index.ts.bundle?platform=web&dev=true&hot=false&lazy=true&transform.engine=hermes&transform.routerRoot=app&unstable_transformProfile=hermes-stable:124750
[   12875ms] [WARNING] Require cycle: src/i18n/index.ts -> src/i18n/i18n.ts -> src/i18n/index.ts

Require cycles are allowed, but can result in uninitialized values. Consider refactoring to remove the need for a cycle. @ http://localhost:8083/index.ts.bundle?platform=web&dev=true&hot=false&lazy=true&transform.engine=hermes&transform.routerRoot=app&unstable_transformProfile=hermes-stable:124750
[   12876ms] [WARNING] Require cycle: src/i18n/index.ts -> src/i18n/i18n.ts -> src/i18n/index.ts

Require cycles are allowed, but can result in uninitialized values. Consider refactoring to remove the need for a cycle. @ http://localhost:8083/index.ts.bundle?platform=web&dev=true&hot=false&lazy=true&transform.engine=hermes&transform.routerRoot=app&unstable_transformProfile=hermes-stable:124750
[   12935ms] [INFO] [telemetry] screen_view {screen: AgeVerification, session_id: fc07cdc2-c72f-446e-a2db-ddd9f34a171e, timestamp: 2026-09-03T00:37:04.603Z} @ http://localhost:8083/index.ts.bundle?platform=web&dev=true&hot=false&lazy=true&transform.engine=hermes&transform.routerRoot=app&unstable_transformProfile=hermes-stable:124750
[   12944ms] [INFO] [backendDiagnostics] sync — count=10 error=none baseUrl=http://localhost:4000/api/v1 @ http://localhost:8083/index.ts.bundle?platform=web&dev=true&hot=false&lazy=true&transform.engine=hermes&transform.routerRoot=app&unstable_transformProfile=hermes-stable:124750
[   13205ms] [ERROR] WebSocket connection to 'ws://localhost:4000/api/v1/realtime/ws?topics=' failed: HTTP Authentication failed; no valid credentials available @ http://localhost:8083/index.ts.bundle?platform=web&dev=true&hot=false&lazy=true&transform.engine=hermes&transform.routerRoot=app&unstable_transformProfile=hermes-stable:491559
[   13807ms] [ERROR] WebSocket connection to 'ws://localhost:4000/api/v1/realtime/ws?topics=' failed: HTTP Authentication failed; no valid credentials available @ http://localhost:8083/index.ts.bundle?platform=web&dev=true&hot=false&lazy=true&transform.engine=hermes&transform.routerRoot=app&unstable_transformProfile=hermes-stable:491559
[   14865ms] [ERROR] WebSocket connection to 'ws://localhost:4000/api/v1/realtime/ws?topics=' failed: HTTP Authentication failed; no valid credentials available @ http://localhost:8083/index.ts.bundle?platform=web&dev=true&hot=false&lazy=true&transform.engine=hermes&transform.routerRoot=app&unstable_transformProfile=hermes-stable:491559
[   16746ms] [ERROR] WebSocket connection to 'ws://localhost:4000/api/v1/realtime/ws?topics=' failed: HTTP Authentication failed; no valid credentials available @ http://localhost:8083/index.ts.bundle?platform=web&dev=true&hot=false&lazy=true&transform.engine=hermes&transform.routerRoot=app&unstable_transformProfile=hermes-stable:491559
[   18055ms] [ERROR] WebSocket connection to 'ws://localhost:4000/api/v1/realtime/ws?topics=' failed: HTTP Authentication failed; no valid credentials available @ http://localhost:8083/index.ts.bundle?platform=web&dev=true&hot=false&lazy=true&transform.engine=hermes&transform.routerRoot=app&unstable_transformProfile=hermes-stable:491559
[   18227ms] [ERROR] WebSocket connection to 'ws://localhost:4000/api/v1/realtime/ws?topics=' failed: HTTP Authentication failed; no valid credentials available @ http://localhost:8083/index.ts.bundle?platform=web&dev=true&hot=false&lazy=true&transform.engine=hermes&transform.routerRoot=app&unstable_transformProfile=hermes-stable:491559
[   19646ms] [ERROR] WebSocket connection to 'ws://localhost:4000/api/v1/realtime/ws?topics=' failed: HTTP Authentication failed; no valid credentials available @ http://localhost:8083/index.ts.bundle?platform=web&dev=true&hot=false&lazy=true&transform.engine=hermes&transform.routerRoot=app&unstable_transformProfile=hermes-stable:491559
[   20376ms] [ERROR] WebSocket connection to 'ws://localhost:4000/api/v1/realtime/ws?topics=' failed: HTTP Authentication failed; no valid credentials available @ http://localhost:8083/index.ts.bundle?platform=web&dev=true&hot=false&lazy=true&transform.engine=hermes&transform.routerRoot=app&unstable_transformProfile=hermes-stable:491559
[   23209ms] [ERROR] WebSocket connection to 'ws://localhost:4000/api/v1/realtime/ws?topics=' failed: HTTP Authentication failed; no valid credentials available @ http://localhost:8083/index.ts.bundle?platform=web&dev=true&hot=false&lazy=true&transform.engine=hermes&transform.routerRoot=app&unstable_transformProfile=hermes-stable:491559
[   28213ms] [ERROR] WebSocket connection to 'ws://localhost:4000/api/v1/realtime/ws?topics=' failed: HTTP Authentication failed; no valid credentials available @ http://localhost:8083/index.ts.bundle?platform=web&dev=true&hot=false&lazy=true&transform.engine=hermes&transform.routerRoot=app&unstable_transformProfile=hermes-stable:491559
[   32607ms] [ERROR] WebSocket connection to 'ws://localhost:4000/api/v1/realtime/ws?topics=' failed: HTTP Authentication failed; no valid credentials available @ http://localhost:8083/index.ts.bundle?platform=web&dev=true&hot=false&lazy=true&transform.engine=hermes&transform.routerRoot=app&unstable_transformProfile=hermes-stable:491559
[   32968ms] [ERROR] WebSocket connection to 'ws://localhost:4000/api/v1/realtime/ws?topics=' failed: HTTP Authentication failed; no valid credentials available @ http://localhost:8083/index.ts.bundle?platform=web&dev=true&hot=false&lazy=true&transform.engine=hermes&transform.routerRoot=app&unstable_transformProfile=hermes-stable:491559
[   33215ms] [ERROR] WebSocket connection to 'ws://localhost:4000/api/v1/realtime/ws?topics=' failed: HTTP Authentication failed; no valid credentials available @ http://localhost:8083/index.ts.bundle?platform=web&dev=true&hot=false&lazy=true&transform.engine=hermes&transform.routerRoot=app&unstable_transformProfile=hermes-stable:491559
[   35133ms] [ERROR] WebSocket connection to 'ws://localhost:4000/api/v1/realtime/ws?topics=' failed: HTTP Authentication failed; no valid credentials available @ http://localhost:8083/index.ts.bundle?platform=web&dev=true&hot=false&lazy=true&transform.engine=hermes&transform.routerRoot=app&unstable_transformProfile=hermes-stable:491559
[   38203ms] [ERROR] WebSocket connection to 'ws://localhost:4000/api/v1/realtime/ws?topics=' failed: HTTP Authentication failed; no valid credentials available @ http://localhost:8083/index.ts.bundle?platform=web&dev=true&hot=false&lazy=true&transform.engine=hermes&transform.routerRoot=app&unstable_transformProfile=hermes-stable:491559
[   38219ms] [ERROR] WebSocket connection to 'ws://localhost:4000/api/v1/realtime/ws?topics=' failed: HTTP Authentication failed; no valid credentials available @ http://localhost:8083/index.ts.bundle?platform=web&dev=true&hot=false&lazy=true&transform.engine=hermes&transform.routerRoot=app&unstable_transformProfile=hermes-stable:491559
[   43220ms] [ERROR] WebSocket connection to 'ws://localhost:4000/api/v1/realtime/ws?topics=' failed: HTTP Authentication failed; no valid credentials available @ http://localhost:8083/index.ts.bundle?platform=web&dev=true&hot=false&lazy=true&transform.engine=hermes&transform.routerRoot=app&unstable_transformProfile=hermes-stable:491559
[   46134ms] [ERROR] WebSocket connection to 'ws://localhost:4000/api/v1/realtime/ws?topics=' failed: HTTP Authentication failed; no valid credentials available @ http://localhost:8083/index.ts.bundle?platform=web&dev=true&hot=false&lazy=true&transform.engine=hermes&transform.routerRoot=app&unstable_transformProfile=hermes-stable:491559
[   48221ms] [ERROR] WebSocket connection to 'ws://localhost:4000/api/v1/realtime/ws?topics=' failed: HTTP Authentication failed; no valid credentials available @ http://localhost:8083/index.ts.bundle?platform=web&dev=true&hot=false&lazy=true&transform.engine=hermes&transform.routerRoot=app&unstable_transformProfile=hermes-stable:491559
[   48608ms] [ERROR] WebSocket connection to 'ws://localhost:4000/api/v1/realtime/ws?topics=' failed: HTTP Authentication failed; no valid credentials available @ http://localhost:8083/index.ts.bundle?platform=web&dev=true&hot=false&lazy=true&transform.engine=hermes&transform.routerRoot=app&unstable_transformProfile=hermes-stable:491559
[   53213ms] [ERROR] WebSocket connection to 'ws://localhost:4000/api/v1/realtime/ws?topics=' failed: HTTP Authentication failed; no valid credentials available @ http://localhost:8083/index.ts.bundle?platform=web&dev=true&hot=false&lazy=true&transform.engine=hermes&transform.routerRoot=app&unstable_transformProfile=hermes-stable:491559
[   56019ms] [ERROR] WebSocket connection to 'ws://localhost:4000/api/v1/realtime/ws?topics=' failed: HTTP Authentication failed; no valid credentials available @ http://localhost:8083/index.ts.bundle?platform=web&dev=true&hot=false&lazy=true&transform.engine=hermes&transform.routerRoot=app&unstable_transformProfile=hermes-stable:491559
[   57274ms] [ERROR] WebSocket connection to 'ws://localhost:4000/api/v1/realtime/ws?topics=' failed: HTTP Authentication failed; no valid credentials available @ http://localhost:8083/index.ts.bundle?platform=web&dev=true&hot=false&lazy=true&transform.engine=hermes&transform.routerRoot=app&unstable_transformProfile=hermes-stable:491559
[   58210ms] [ERROR] WebSocket connection to 'ws://localhost:4000/api/v1/realtime/ws?topics=' failed: HTTP Authentication failed; no valid credentials available @ http://localhost:8083/index.ts.bundle?platform=web&dev=true&hot=false&lazy=true&transform.engine=hermes&transform.routerRoot=app&unstable_transformProfile=hermes-stable:491559
[   59829ms] [ERROR] WebSocket connection to 'ws://localhost:4000/api/v1/realtime/ws?topics=' failed: HTTP Authentication failed; no valid credentials available @ http://localhost:8083/index.ts.bundle?platform=web&dev=true&hot=false&lazy=true&transform.engine=hermes&transform.routerRoot=app&unstable_transformProfile=hermes-stable:491559
[   61027ms] [ERROR] WebSocket connection to 'ws://localhost:4000/api/v1/realtime/ws?topics=' failed: HTTP Authentication failed; no valid credentials available @ http://localhost:8083/index.ts.bundle?platform=web&dev=true&hot=false&lazy=true&transform.engine=hermes&transform.routerRoot=app&unstable_transformProfile=hermes-stable:491559
[   61729ms] [ERROR] WebSocket connection to 'ws://localhost:4000/api/v1/realtime/ws?topics=' failed: HTTP Authentication failed; no valid credentials available @ http://localhost:8083/index.ts.bundle?platform=web&dev=true&hot=false&lazy=true&transform.engine=hermes&transform.routerRoot=app&unstable_transformProfile=hermes-stable:491559
[   62385ms] [ERROR] WebSocket connection to 'ws://localhost:4000/api/v1/realtime/ws?topics=' failed: HTTP Authentication failed; no valid credentials available @ http://localhost:8083/index.ts.bundle?platform=web&dev=true&hot=false&lazy=true&transform.engine=hermes&transform.routerRoot=app&unstable_transformProfile=hermes-stable:491559
[   63212ms] [ERROR] WebSocket connection to 'ws://localhost:4000/api/v1/realtime/ws?topics=' failed: HTTP Authentication failed; no valid credentials available @ http://localhost:8083/index.ts.bundle?platform=web&dev=true&hot=false&lazy=true&transform.engine=hermes&transform.routerRoot=app&unstable_transformProfile=hermes-stable:491559
[   64660ms] [ERROR] WebSocket connection to 'ws://localhost:4000/api/v1/realtime/ws?topics=' failed: HTTP Authentication failed; no valid credentials available @ http://localhost:8083/index.ts.bundle?platform=web&dev=true&hot=false&lazy=true&transform.engine=hermes&transform.routerRoot=app&unstable_transformProfile=hermes-stable:491559
[   66641ms] [ERROR] WebSocket connection to 'ws://localhost:4000/api/v1/realtime/ws?topics=' failed: HTTP Authentication failed; no valid credentials available @ http://localhost:8083/index.ts.bundle?platform=web&dev=true&hot=false&lazy=true&transform.engine=hermes&transform.routerRoot=app&unstable_transformProfile=hermes-stable:491559
[   67545ms] [ERROR] WebSocket connection to 'ws://localhost:4000/api/v1/realtime/ws?topics=' failed: HTTP Authentication failed; no valid credentials available @ http://localhost:8083/index.ts.bundle?platform=web&dev=true&hot=false&lazy=true&transform.engine=hermes&transform.routerRoot=app&unstable_transformProfile=hermes-stable:491559
[   67932ms] [ERROR] WebSocket connection to 'ws://localhost:4000/api/v1/realtime/ws?topics=' failed: HTTP Authentication failed; no valid credentials available @ http://localhost:8083/index.ts.bundle?platform=web&dev=true&hot=false&lazy=true&transform.engine=hermes&transform.routerRoot=app&unstable_transformProfile=hermes-stable:491559
[   68211ms] [ERROR] WebSocket connection to 'ws://localhost:4000/api/v1/realtime/ws?topics=' failed: HTTP Authentication failed; no valid credentials available @ http://localhost:8083/index.ts.bundle?platform=web&dev=true&hot=false&lazy=true&transform.engine=hermes&transform.routerRoot=app&unstable_transformProfile=hermes-stable:491559
[   71815ms] [ERROR] WebSocket connection to 'ws://localhost:4000/api/v1/realtime/ws?topics=' failed: HTTP Authentication failed; no valid credentials available @ http://localhost:8083/index.ts.bundle?platform=web&dev=true&hot=false&lazy=true&transform.engine=hermes&transform.routerRoot=app&unstable_transformProfile=hermes-stable:491559
[   72593ms] [ERROR] WebSocket connection to 'ws://localhost:4000/api/v1/realtime/ws?topics=' failed: HTTP Authentication failed; no valid credentials available @ http://localhost:8083/index.ts.bundle?platform=web&dev=true&hot=false&lazy=true&transform.engine=hermes&transform.routerRoot=app&unstable_transformProfile=hermes-stable:491559
[   72796ms] [ERROR] WebSocket connection to 'ws://localhost:4000/api/v1/realtime/ws?topics=' failed: HTTP Authentication failed; no valid credentials available @ http://localhost:8083/index.ts.bundle?platform=web&dev=true&hot=false&lazy=true&transform.engine=hermes&transform.routerRoot=app&unstable_transformProfile=hermes-stable:491559
[   73221ms] [ERROR] WebSocket connection to 'ws://localhost:4000/api/v1/realtime/ws?topics=' failed: HTTP Authentication failed; no valid credentials available @ http://localhost:8083/index.ts.bundle?platform=web&dev=true&hot=false&lazy=true&transform.engine=hermes&transform.routerRoot=app&unstable_transformProfile=hermes-stable:491559
