[    4526ms] [WARNING] [expo-notifications] Listening to push token changes is not yet fully supported on web. Adding a listener will have no effect. @ http://localhost:8083/index.ts.bundle?platform=web&dev=true&hot=false&lazy=true&transform.engine=hermes&transform.routerRoot=app&unstable_transformProfile=hermes-stable:124750
[    4540ms] [LOG] Running application "main" with appParams:
 {rootTag: #root, hydrate: undefined} 
Development-level warnings: ON.
Performance optimizations: OFF. @ http://localhost:8083/index.ts.bundle?platform=web&dev=true&hot=false&lazy=true&transform.engine=hermes&transform.routerRoot=app&unstable_transformProfile=hermes-stable:124750
[    4562ms] [INFO] %cDownload the React DevTools for a better development experience: https://react.dev/link/react-devtools font-weight:bold @ http://localhost:8083/index.ts.bundle?platform=web&dev=true&hot=false&lazy=true&transform.engine=hermes&transform.routerRoot=app&unstable_transformProfile=hermes-stable:124750
[    4614ms] [WARNING] [sslPinning] status: not-installed. Initialisation failed — pinning NOT active. Error: Cannot find module 'react-native-ssl-public-key-pinning'
    at metroRequire (http://localhost:8083/index.ts.bundle?platform=web&dev=true&hot=false&lazy=true&transform.engine=hermes&transform.routerRoot=app&unstable_transformProfile=hermes-stable:61:15)
    at metroRequire.metroImportAll [as importAll] (http://localhost:8083/index.ts.bundle?platform=web&dev=true&hot=false&lazy=true&transform.engine=hermes&transform.routerRoot=app&unstable_transformProfile=hermes-stable:105:21)
    at importAll (http://localhost:8083/index.ts.bundle?platform=web&dev=true&hot=false&lazy=true&transform.engine=hermes&transform.routerRoot=app&unstable_transformProfile=hermes-stable:153047:37)
    at asyncRequireImpl (http://localhost:8083/index.ts.bundle?platform=web&dev=true&hot=false&lazy=true&transform.engine=hermes&transform.routerRoot=app&unstable_transformProfile=hermes-stable:153055:16)
    at asyncRequire (http://localhost:8083/index.ts.bundle?platform=web&dev=true&hot=false&lazy=true&transform.engine=hermes&transform.routerRoot=app&unstable_transformProfile=hermes-stable:153074:17)
    at initializeSslPinning (http://localhost:8083/index.ts.bundle?platform=web&dev=true&hot=false&lazy=true&transform.engine=hermes&transform.routerRoot=app&unstable_transformProfile=hermes-stable:223577:89)
    at initializeAppBootstrapState (http://localhost:8083/index.ts.bundle?platform=web&dev=true&hot=false&lazy=true&transform.engine=hermes&transform.routerRoot=app&unstable_transformProfile=hermes-stable:120335:96)
    at http://localhost:8083/index.ts.bundle?platform=web&dev=true&hot=false&lazy=true&transform.engine=hermes&transform.routerRoot=app&unstable_transformProfile=hermes-stable:120381:7
    at Object.react_stack_bottom_frame (http://localhost:8083/index.ts.bundle?platform=web&dev=true&hot=false&lazy=true&transform.engine=hermes&transform.routerRoot=app&unstable_transformProfile=hermes-stable:141303:20)
    at runWithFiberInDEV (http://localhost:8083/index.ts.bundle?platform=web&dev=true&hot=false&lazy=true&transform.engine=hermes&transform.routerRoot=app&unstable_transformProfile=hermes-stable:128591:70) @ http://localhost:8083/index.ts.bundle?platform=web&dev=true&hot=false&lazy=true&transform.engine=hermes&transform.routerRoot=app&unstable_transformProfile=hermes-stable:124750
[    4701ms] [WARNING] [apiClient] SecureStore unavailable — auth tokens will fall back to unencrypted AsyncStorage @ http://localhost:8083/index.ts.bundle?platform=web&dev=true&hot=false&lazy=true&transform.engine=hermes&transform.routerRoot=app&unstable_transformProfile=hermes-stable:124750
[    7024ms] [WARNING] "shadow*" style props are deprecated. Use "boxShadow". @ http://localhost:8083/index.ts.bundle?platform=web&dev=true&hot=false&lazy=true&transform.engine=hermes&transform.routerRoot=app&unstable_transformProfile=hermes-stable:124750
[    7032ms] [WARNING] [Reanimated] Reduced motion setting is overwritten with mode 'system'. @ http://localhost:8083/index.ts.bundle?platform=web&dev=true&hot=false&lazy=true&transform.engine=hermes&transform.routerRoot=app&unstable_transformProfile=hermes-stable:124750
[    7083ms] [WARNING] Require cycle: src/i18n/index.ts -> src/i18n/i18n.ts -> src/i18n/index.ts

Require cycles are allowed, but can result in uninitialized values. Consider refactoring to remove the need for a cycle. @ http://localhost:8083/index.ts.bundle?platform=web&dev=true&hot=false&lazy=true&transform.engine=hermes&transform.routerRoot=app&unstable_transformProfile=hermes-stable:124750
[    7084ms] [WARNING] Require cycle: src/i18n/index.ts -> src/i18n/i18n.ts -> src/i18n/index.ts

Require cycles are allowed, but can result in uninitialized values. Consider refactoring to remove the need for a cycle. @ http://localhost:8083/index.ts.bundle?platform=web&dev=true&hot=false&lazy=true&transform.engine=hermes&transform.routerRoot=app&unstable_transformProfile=hermes-stable:124750
[    7085ms] [WARNING] Require cycle: src/i18n/index.ts -> src/i18n/i18n.ts -> src/i18n/index.ts

Require cycles are allowed, but can result in uninitialized values. Consider refactoring to remove the need for a cycle. @ http://localhost:8083/index.ts.bundle?platform=web&dev=true&hot=false&lazy=true&transform.engine=hermes&transform.routerRoot=app&unstable_transformProfile=hermes-stable:124750
[    7086ms] [WARNING] Require cycle: src/i18n/index.ts -> src/i18n/i18n.ts -> src/i18n/index.ts

Require cycles are allowed, but can result in uninitialized values. Consider refactoring to remove the need for a cycle. @ http://localhost:8083/index.ts.bundle?platform=web&dev=true&hot=false&lazy=true&transform.engine=hermes&transform.routerRoot=app&unstable_transformProfile=hermes-stable:124750
[    7087ms] [WARNING] Require cycle: src/i18n/index.ts -> src/i18n/i18n.ts -> src/i18n/index.ts

Require cycles are allowed, but can result in uninitialized values. Consider refactoring to remove the need for a cycle. @ http://localhost:8083/index.ts.bundle?platform=web&dev=true&hot=false&lazy=true&transform.engine=hermes&transform.routerRoot=app&unstable_transformProfile=hermes-stable:124750
[    7088ms] [WARNING] Require cycle: src/i18n/index.ts -> src/i18n/i18n.ts -> src/i18n/index.ts

Require cycles are allowed, but can result in uninitialized values. Consider refactoring to remove the need for a cycle. @ http://localhost:8083/index.ts.bundle?platform=web&dev=true&hot=false&lazy=true&transform.engine=hermes&transform.routerRoot=app&unstable_transformProfile=hermes-stable:124750
[    7089ms] [WARNING] Require cycle: src/i18n/index.ts -> src/i18n/i18n.ts -> src/i18n/index.ts

Require cycles are allowed, but can result in uninitialized values. Consider refactoring to remove the need for a cycle. @ http://localhost:8083/index.ts.bundle?platform=web&dev=true&hot=false&lazy=true&transform.engine=hermes&transform.routerRoot=app&unstable_transformProfile=hermes-stable:124750
[    7091ms] [WARNING] Require cycle: src/i18n/index.ts -> src/i18n/i18n.ts -> src/i18n/index.ts

Require cycles are allowed, but can result in uninitialized values. Consider refactoring to remove the need for a cycle. @ http://localhost:8083/index.ts.bundle?platform=web&dev=true&hot=false&lazy=true&transform.engine=hermes&transform.routerRoot=app&unstable_transformProfile=hermes-stable:124750
[    7092ms] [WARNING] Require cycle: src/i18n/index.ts -> src/i18n/i18n.ts -> src/i18n/index.ts

Require cycles are allowed, but can result in uninitialized values. Consider refactoring to remove the need for a cycle. @ http://localhost:8083/index.ts.bundle?platform=web&dev=true&hot=false&lazy=true&transform.engine=hermes&transform.routerRoot=app&unstable_transformProfile=hermes-stable:124750
[    7094ms] [WARNING] Require cycle: src/i18n/index.ts -> src/i18n/i18n.ts -> src/i18n/index.ts

Require cycles are allowed, but can result in uninitialized values. Consider refactoring to remove the need for a cycle. @ http://localhost:8083/index.ts.bundle?platform=web&dev=true&hot=false&lazy=true&transform.engine=hermes&transform.routerRoot=app&unstable_transformProfile=hermes-stable:124750
[    7095ms] [WARNING] Require cycle: src/i18n/index.ts -> src/i18n/i18n.ts -> src/i18n/index.ts

Require cycles are allowed, but can result in uninitialized values. Consider refactoring to remove the need for a cycle. @ http://localhost:8083/index.ts.bundle?platform=web&dev=true&hot=false&lazy=true&transform.engine=hermes&transform.routerRoot=app&unstable_transformProfile=hermes-stable:124750
[    7097ms] [WARNING] Require cycle: src/i18n/index.ts -> src/i18n/i18n.ts -> src/i18n/index.ts

Require cycles are allowed, but can result in uninitialized values. Consider refactoring to remove the need for a cycle. @ http://localhost:8083/index.ts.bundle?platform=web&dev=true&hot=false&lazy=true&transform.engine=hermes&transform.routerRoot=app&unstable_transformProfile=hermes-stable:124750
[    7098ms] [WARNING] Require cycle: src/i18n/index.ts -> src/i18n/i18n.ts -> src/i18n/index.ts

Require cycles are allowed, but can result in uninitialized values. Consider refactoring to remove the need for a cycle. @ http://localhost:8083/index.ts.bundle?platform=web&dev=true&hot=false&lazy=true&transform.engine=hermes&transform.routerRoot=app&unstable_transformProfile=hermes-stable:124750
[    7099ms] [WARNING] Require cycle: src/i18n/index.ts -> src/i18n/i18n.ts -> src/i18n/index.ts

Require cycles are allowed, but can result in uninitialized values. Consider refactoring to remove the need for a cycle. @ http://localhost:8083/index.ts.bundle?platform=web&dev=true&hot=false&lazy=true&transform.engine=hermes&transform.routerRoot=app&unstable_transformProfile=hermes-stable:124750
[    7101ms] [WARNING] Require cycle: src/i18n/index.ts -> src/i18n/i18n.ts -> src/i18n/index.ts

Require cycles are allowed, but can result in uninitialized values. Consider refactoring to remove the need for a cycle. @ http://localhost:8083/index.ts.bundle?platform=web&dev=true&hot=false&lazy=true&transform.engine=hermes&transform.routerRoot=app&unstable_transformProfile=hermes-stable:124750
[    7102ms] [WARNING] Require cycle: src/i18n/index.ts -> src/i18n/i18n.ts -> src/i18n/index.ts

Require cycles are allowed, but can result in uninitialized values. Consider refactoring to remove the need for a cycle. @ http://localhost:8083/index.ts.bundle?platform=web&dev=true&hot=false&lazy=true&transform.engine=hermes&transform.routerRoot=app&unstable_transformProfile=hermes-stable:124750
[    7206ms] [INFO] [telemetry] screen_view {screen: AgeVerification, session_id: 089c44bd-58bf-422c-b211-6836bda59d91, timestamp: 2026-09-03T00:21:22.606Z} @ http://localhost:8083/index.ts.bundle?platform=web&dev=true&hot=false&lazy=true&transform.engine=hermes&transform.routerRoot=app&unstable_transformProfile=hermes-stable:124750
[    7216ms] [INFO] [backendDiagnostics] sync — count=10 error=none baseUrl=http://localhost:4000/api/v1 @ http://localhost:8083/index.ts.bundle?platform=web&dev=true&hot=false&lazy=true&transform.engine=hermes&transform.routerRoot=app&unstable_transformProfile=hermes-stable:124750
[    7434ms] [ERROR] WebSocket connection to 'ws://localhost:4000/api/v1/realtime/ws?topics=' failed: HTTP Authentication failed; no valid credentials available @ http://localhost:8083/index.ts.bundle?platform=web&dev=true&hot=false&lazy=true&transform.engine=hermes&transform.routerRoot=app&unstable_transformProfile=hermes-stable:491524
[    8243ms] [ERROR] WebSocket connection to 'ws://localhost:4000/api/v1/realtime/ws?topics=' failed: HTTP Authentication failed; no valid credentials available @ http://localhost:8083/index.ts.bundle?platform=web&dev=true&hot=false&lazy=true&transform.engine=hermes&transform.routerRoot=app&unstable_transformProfile=hermes-stable:491524
[    9386ms] [ERROR] WebSocket connection to 'ws://localhost:4000/api/v1/realtime/ws?topics=' failed: HTTP Authentication failed; no valid credentials available @ http://localhost:8083/index.ts.bundle?platform=web&dev=true&hot=false&lazy=true&transform.engine=hermes&transform.routerRoot=app&unstable_transformProfile=hermes-stable:491524
[   11161ms] [ERROR] WebSocket connection to 'ws://localhost:4000/api/v1/realtime/ws?topics=' failed: HTTP Authentication failed; no valid credentials available @ http://localhost:8083/index.ts.bundle?platform=web&dev=true&hot=false&lazy=true&transform.engine=hermes&transform.routerRoot=app&unstable_transformProfile=hermes-stable:491524
[   12449ms] [ERROR] WebSocket connection to 'ws://localhost:4000/api/v1/realtime/ws?topics=' failed: HTTP Authentication failed; no valid credentials available @ http://localhost:8083/index.ts.bundle?platform=web&dev=true&hot=false&lazy=true&transform.engine=hermes&transform.routerRoot=app&unstable_transformProfile=hermes-stable:491524
[   13090ms] [ERROR] WebSocket connection to 'ws://localhost:4000/api/v1/realtime/ws?topics=' failed: HTTP Authentication failed; no valid credentials available @ http://localhost:8083/index.ts.bundle?platform=web&dev=true&hot=false&lazy=true&transform.engine=hermes&transform.routerRoot=app&unstable_transformProfile=hermes-stable:491524
[   14073ms] [WARNING] props.pointerEvents is deprecated. Use style.pointerEvents @ http://localhost:8083/index.ts.bundle?platform=web&dev=true&hot=false&lazy=true&transform.engine=hermes&transform.routerRoot=app&unstable_transformProfile=hermes-stable:124750
[   14159ms] [INFO] [visually-complete] Home → mounted: 14143.3ms @ http://localhost:8083/index.ts.bundle?platform=web&dev=true&hot=false&lazy=true&transform.engine=hermes&transform.routerRoot=app&unstable_transformProfile=hermes-stable:124750
[   14159ms] [INFO] [visually-complete] Home: 14143.9ms @ http://localhost:8083/index.ts.bundle?platform=web&dev=true&hot=false&lazy=true&transform.engine=hermes&transform.routerRoot=app&unstable_transformProfile=hermes-stable:124750
[   14170ms] [WARNING] Found screens with the same name nested inside one another. Check:

MainTabs > Home, MainTabs > Home > Home

This can cause confusing behavior during navigation. Consider using unique names for each screen instead. @ http://localhost:8083/index.ts.bundle?platform=web&dev=true&hot=false&lazy=true&transform.engine=hermes&transform.routerRoot=app&unstable_transformProfile=hermes-stable:124750
[   14170ms] [INFO] [telemetry] screen_view {screen: Home, session_id: 089c44bd-58bf-422c-b211-6836bda59d91, timestamp: 2026-09-03T00:21:29.571Z} @ http://localhost:8083/index.ts.bundle?platform=web&dev=true&hot=false&lazy=true&transform.engine=hermes&transform.routerRoot=app&unstable_transformProfile=hermes-stable:124750
[   15225ms] [ERROR] WebSocket connection to 'ws://localhost:4000/api/v1/realtime/ws?topics=' failed: HTTP Authentication failed; no valid credentials available @ http://localhost:8083/index.ts.bundle?platform=web&dev=true&hot=false&lazy=true&transform.engine=hermes&transform.routerRoot=app&unstable_transformProfile=hermes-stable:491524
[   17453ms] [ERROR] WebSocket connection to 'ws://localhost:4000/api/v1/realtime/ws?topics=' failed: HTTP Authentication failed; no valid credentials available @ http://localhost:8083/index.ts.bundle?platform=web&dev=true&hot=false&lazy=true&transform.engine=hermes&transform.routerRoot=app&unstable_transformProfile=hermes-stable:491524
[   18153ms] [INFO] [visually-complete] Inbox → mounted: 18137.2ms @ http://localhost:8083/index.ts.bundle?platform=web&dev=true&hot=false&lazy=true&transform.engine=hermes&transform.routerRoot=app&unstable_transformProfile=hermes-stable:124750
[   18154ms] [INFO] [visually-complete] Inbox: 18138.3ms @ http://localhost:8083/index.ts.bundle?platform=web&dev=true&hot=false&lazy=true&transform.engine=hermes&transform.routerRoot=app&unstable_transformProfile=hermes-stable:124750
[   18158ms] [WARNING] Found screens with the same name nested inside one another. Check:

MainTabs > Home, MainTabs > Home > Home,
MainTabs > Inbox, MainTabs > Inbox > Inbox

This can cause confusing behavior during navigation. Consider using unique names for each screen instead. @ http://localhost:8083/index.ts.bundle?platform=web&dev=true&hot=false&lazy=true&transform.engine=hermes&transform.routerRoot=app&unstable_transformProfile=hermes-stable:124750
[   18159ms] [INFO] [telemetry] screen_view {screen: Inbox, session_id: 089c44bd-58bf-422c-b211-6836bda59d91, timestamp: 2026-09-03T00:21:33.559Z} @ http://localhost:8083/index.ts.bundle?platform=web&dev=true&hot=false&lazy=true&transform.engine=hermes&transform.routerRoot=app&unstable_transformProfile=hermes-stable:124750
[   22447ms] [ERROR] WebSocket connection to 'ws://localhost:4000/api/v1/realtime/ws?topics=chat.conversation%3Aseed_conv_1%2Cchat.conversation%3Achatdm_1786675192869_509972%2Cchat.conversation%3Ac1%2Cchat.conversation%3Ac2%2Cchat.conversation%3Ag1' failed: HTTP Authentication failed; no valid credentials available @ http://localhost:8083/index.ts.bundle?platform=web&dev=true&hot=false&lazy=true&transform.engine=hermes&transform.routerRoot=app&unstable_transformProfile=hermes-stable:491524
[   25198ms] [WARNING] Animated: `useNativeDriver` is not supported because the native animated module is missing. Falling back to JS-based animation. To resolve this, add `RCTAnimation` module to this app, or remove `useNativeDriver`. Make sure to run `bundle exec pod install` first. Read more about autolinking: https://github.com/react-native-community/cli/blob/master/docs/autolinking.md @ http://localhost:8083/index.ts.bundle?platform=web&dev=true&hot=false&lazy=true&transform.engine=hermes&transform.routerRoot=app&unstable_transformProfile=hermes-stable:124750
[   25200ms] [INFO] [visually-complete] Chat → mounted: 25184.3ms @ http://localhost:8083/index.ts.bundle?platform=web&dev=true&hot=false&lazy=true&transform.engine=hermes&transform.routerRoot=app&unstable_transformProfile=hermes-stable:124750
[   25201ms] [INFO] [visually-complete] Chat: 25185.2ms @ http://localhost:8083/index.ts.bundle?platform=web&dev=true&hot=false&lazy=true&transform.engine=hermes&transform.routerRoot=app&unstable_transformProfile=hermes-stable:124750
[   25204ms] [INFO] [telemetry] screen_view {screen: Chat, conversationId: g1, focusQuery: undefined, session_id: 089c44bd-58bf-422c-b211-6836bda59d91, timestamp: 2026-09-03T00:21:40.604Z} @ http://localhost:8083/index.ts.bundle?platform=web&dev=true&hot=false&lazy=true&transform.engine=hermes&transform.routerRoot=app&unstable_transformProfile=hermes-stable:124750
[   25292ms] [ERROR] Failed to load resource: the server responded with a status of 403 (Forbidden) @ http://localhost:4000/api/v1/chat/conversations/g1/composer-state:0
[   25293ms] [ERROR] Failed to load resource: the server responded with a status of 404 (Not Found) @ http://localhost:4000/api/v1/chat/conversations/g1/read:0
[   25306ms] [ERROR] Failed to load resource: the server responded with a status of 404 (Not Found) @ http://localhost:4000/api/v1/chat/conversations/g1/typing:0
[   25306ms] [ERROR] Failed to load resource: the server responded with a status of 404 (Not Found) @ http://localhost:4000/api/v1/chat/conversations/g1/read:0
[   26072ms] [ERROR] WebSocket connection to 'ws://localhost:4000/api/v1/realtime/ws?topics=chat.conversation%3Aseed_conv_1%2Cchat.conversation%3Achatdm_1786675192869_509972%2Cchat.conversation%3Ac1%2Cchat.conversation%3Ac2%2Cchat.conversation%3Ag1' failed: HTTP Authentication failed; no valid credentials available @ http://localhost:8083/index.ts.bundle?platform=web&dev=true&hot=false&lazy=true&transform.engine=hermes&transform.routerRoot=app&unstable_transformProfile=hermes-stable:491524
[   26718ms] [ERROR] Failed to load resource: the server responded with a status of 403 (Forbidden) @ http://localhost:4000/api/v1/chat/conversations/g1/composer-state:0
[   27439ms] [ERROR] WebSocket connection to 'ws://localhost:4000/api/v1/realtime/ws?topics=chat.conversation%3Aseed_conv_1%2Cchat.conversation%3Achatdm_1786675192869_509972%2Cchat.conversation%3Ac1%2Cchat.conversation%3Ac2%2Cchat.conversation%3Ag1' failed: HTTP Authentication failed; no valid credentials available @ http://localhost:8083/index.ts.bundle?platform=web&dev=true&hot=false&lazy=true&transform.engine=hermes&transform.routerRoot=app&unstable_transformProfile=hermes-stable:491524
[   27532ms] [ERROR] WebSocket connection to 'ws://localhost:4000/api/v1/realtime/ws?topics=chat.conversation%3Aseed_conv_1%2Cchat.conversation%3Achatdm_1786675192869_509972%2Cchat.conversation%3Ac1%2Cchat.conversation%3Ac2%2Cchat.conversation%3Ag1' failed: HTTP Authentication failed; no valid credentials available @ http://localhost:8083/index.ts.bundle?platform=web&dev=true&hot=false&lazy=true&transform.engine=hermes&transform.routerRoot=app&unstable_transformProfile=hermes-stable:491524
[   29777ms] [ERROR] WebSocket connection to 'ws://localhost:4000/api/v1/realtime/ws?topics=chat.conversation%3Aseed_conv_1%2Cchat.conversation%3Achatdm_1786675192869_509972%2Cchat.conversation%3Ac1%2Cchat.conversation%3Ac2%2Cchat.conversation%3Ag1' failed: HTTP Authentication failed; no valid credentials available @ http://localhost:8083/index.ts.bundle?platform=web&dev=true&hot=false&lazy=true&transform.engine=hermes&transform.routerRoot=app&unstable_transformProfile=hermes-stable:491524
[   32448ms] [ERROR] WebSocket connection to 'ws://localhost:4000/api/v1/realtime/ws?topics=chat.conversation%3Aseed_conv_1%2Cchat.conversation%3Achatdm_1786675192869_509972%2Cchat.conversation%3Ac1%2Cchat.conversation%3Ac2%2Cchat.conversation%3Ag1' failed: HTTP Authentication failed; no valid credentials available @ http://localhost:8083/index.ts.bundle?platform=web&dev=true&hot=false&lazy=true&transform.engine=hermes&transform.routerRoot=app&unstable_transformProfile=hermes-stable:491524
[   32989ms] [ERROR] WebSocket connection to 'ws://localhost:4000/api/v1/realtime/ws?topics=chat.conversation%3Aseed_conv_1%2Cchat.conversation%3Achatdm_1786675192869_509972%2Cchat.conversation%3Ac1%2Cchat.conversation%3Ac2%2Cchat.conversation%3Ag1' failed: HTTP Authentication failed; no valid credentials available @ http://localhost:8083/index.ts.bundle?platform=web&dev=true&hot=false&lazy=true&transform.engine=hermes&transform.routerRoot=app&unstable_transformProfile=hermes-stable:491524
[   33804ms] [INFO] [telemetry] screen_view {screen: GroupChatInfo, conversationId: g1, session_id: 089c44bd-58bf-422c-b211-6836bda59d91, timestamp: 2026-09-03T00:21:49.204Z} @ http://localhost:8083/index.ts.bundle?platform=web&dev=true&hot=false&lazy=true&transform.engine=hermes&transform.routerRoot=app&unstable_transformProfile=hermes-stable:124750
[   33831ms] [ERROR] Failed to load resource: the server responded with a status of 404 (Not Found) @ http://localhost:4000/api/v1/chat/conversations/g1/group-settings:0
[   35327ms] [ERROR] WebSocket connection to 'ws://localhost:4000/api/v1/realtime/ws?topics=chat.conversation%3Aseed_conv_1%2Cchat.conversation%3Achatdm_1786675192869_509972%2Cchat.conversation%3Ac1%2Cchat.conversation%3Ac2%2Cchat.conversation%3Ag1' failed: HTTP Authentication failed; no valid credentials available @ http://localhost:8083/index.ts.bundle?platform=web&dev=true&hot=false&lazy=true&transform.engine=hermes&transform.routerRoot=app&unstable_transformProfile=hermes-stable:491524
[   37448ms] [ERROR] WebSocket connection to 'ws://localhost:4000/api/v1/realtime/ws?topics=chat.conversation%3Aseed_conv_1%2Cchat.conversation%3Achatdm_1786675192869_509972%2Cchat.conversation%3Ac1%2Cchat.conversation%3Ac2%2Cchat.conversation%3Ag1' failed: HTTP Authentication failed; no valid credentials available @ http://localhost:8083/index.ts.bundle?platform=web&dev=true&hot=false&lazy=true&transform.engine=hermes&transform.routerRoot=app&unstable_transformProfile=hermes-stable:491524
[   37464ms] [ERROR] WebSocket connection to 'ws://localhost:4000/api/v1/realtime/ws?topics=chat.conversation%3Aseed_conv_1%2Cchat.conversation%3Achatdm_1786675192869_509972%2Cchat.conversation%3Ac1%2Cchat.conversation%3Ac2%2Cchat.conversation%3Ag1' failed: HTTP Authentication failed; no valid credentials available @ http://localhost:8083/index.ts.bundle?platform=web&dev=true&hot=false&lazy=true&transform.engine=hermes&transform.routerRoot=app&unstable_transformProfile=hermes-stable:491524
[   38382ms] [ERROR] WebSocket connection to 'ws://localhost:4000/api/v1/realtime/ws?topics=chat.conversation%3Aseed_conv_1%2Cchat.conversation%3Achatdm_1786675192869_509972%2Cchat.conversation%3Ac1%2Cchat.conversation%3Ac2%2Cchat.conversation%3Ag1' failed: HTTP Authentication failed; no valid credentials available @ http://localhost:8083/index.ts.bundle?platform=web&dev=true&hot=false&lazy=true&transform.engine=hermes&transform.routerRoot=app&unstable_transformProfile=hermes-stable:491524
[   39935ms] [ERROR] WebSocket connection to 'ws://localhost:4000/api/v1/realtime/ws?topics=chat.conversation%3Aseed_conv_1%2Cchat.conversation%3Achatdm_1786675192869_509972%2Cchat.conversation%3Ac1%2Cchat.conversation%3Ac2%2Cchat.conversation%3Ag1' failed: HTTP Authentication failed; no valid credentials available @ http://localhost:8083/index.ts.bundle?platform=web&dev=true&hot=false&lazy=true&transform.engine=hermes&transform.routerRoot=app&unstable_transformProfile=hermes-stable:491524
[   40248ms] [ERROR] WebSocket connection to 'ws://localhost:4000/api/v1/realtime/ws?topics=chat.conversation%3Aseed_conv_1%2Cchat.conversation%3Achatdm_1786675192869_509972%2Cchat.conversation%3Ac1%2Cchat.conversation%3Ac2%2Cchat.conversation%3Ag1' failed: HTTP Authentication failed; no valid credentials available @ http://localhost:8083/index.ts.bundle?platform=web&dev=true&hot=false&lazy=true&transform.engine=hermes&transform.routerRoot=app&unstable_transformProfile=hermes-stable:491524
[   41155ms] [ERROR] WebSocket connection to 'ws://localhost:4000/api/v1/realtime/ws?topics=chat.conversation%3Aseed_conv_1%2Cchat.conversation%3Achatdm_1786675192869_509972%2Cchat.conversation%3Ac1%2Cchat.conversation%3Ac2%2Cchat.conversation%3Ag1' failed: HTTP Authentication failed; no valid credentials available @ http://localhost:8083/index.ts.bundle?platform=web&dev=true&hot=false&lazy=true&transform.engine=hermes&transform.routerRoot=app&unstable_transformProfile=hermes-stable:491524
[   42454ms] [ERROR] WebSocket connection to 'ws://localhost:4000/api/v1/realtime/ws?topics=chat.conversation%3Aseed_conv_1%2Cchat.conversation%3Achatdm_1786675192869_509972%2Cchat.conversation%3Ac1%2Cchat.conversation%3Ac2%2Cchat.conversation%3Ag1' failed: HTTP Authentication failed; no valid credentials available @ http://localhost:8083/index.ts.bundle?platform=web&dev=true&hot=false&lazy=true&transform.engine=hermes&transform.routerRoot=app&unstable_transformProfile=hermes-stable:491524
[   42718ms] [ERROR] WebSocket connection to 'ws://localhost:4000/api/v1/realtime/ws?topics=chat.conversation%3Aseed_conv_1%2Cchat.conversation%3Achatdm_1786675192869_509972%2Cchat.conversation%3Ac1%2Cchat.conversation%3Ac2%2Cchat.conversation%3Ag1' failed: HTTP Authentication failed; no valid credentials available @ http://localhost:8083/index.ts.bundle?platform=web&dev=true&hot=false&lazy=true&transform.engine=hermes&transform.routerRoot=app&unstable_transformProfile=hermes-stable:491524
[   46657ms] [ERROR] WebSocket connection to 'ws://localhost:4000/api/v1/realtime/ws?topics=chat.conversation%3Aseed_conv_1%2Cchat.conversation%3Achatdm_1786675192869_509972%2Cchat.conversation%3Ac1%2Cchat.conversation%3Ac2%2Cchat.conversation%3Ag1' failed: HTTP Authentication failed; no valid credentials available @ http://localhost:8083/index.ts.bundle?platform=web&dev=true&hot=false&lazy=true&transform.engine=hermes&transform.routerRoot=app&unstable_transformProfile=hermes-stable:491524
[   47469ms] [ERROR] WebSocket connection to 'ws://localhost:4000/api/v1/realtime/ws?topics=chat.conversation%3Aseed_conv_1%2Cchat.conversation%3Achatdm_1786675192869_509972%2Cchat.conversation%3Ac1%2Cchat.conversation%3Ac2%2Cchat.conversation%3Ag1' failed: HTTP Authentication failed; no valid credentials available @ http://localhost:8083/index.ts.bundle?platform=web&dev=true&hot=false&lazy=true&transform.engine=hermes&transform.routerRoot=app&unstable_transformProfile=hermes-stable:491524
[   48076ms] [ERROR] WebSocket connection to 'ws://localhost:4000/api/v1/realtime/ws?topics=chat.conversation%3Aseed_conv_1%2Cchat.conversation%3Achatdm_1786675192869_509972%2Cchat.conversation%3Ac1%2Cchat.conversation%3Ac2%2Cchat.conversation%3Ag1' failed: HTTP Authentication failed; no valid credentials available @ http://localhost:8083/index.ts.bundle?platform=web&dev=true&hot=false&lazy=true&transform.engine=hermes&transform.routerRoot=app&unstable_transformProfile=hermes-stable:491524
[   48670ms] [ERROR] WebSocket connection to 'ws://localhost:4000/api/v1/realtime/ws?topics=chat.conversation%3Aseed_conv_1%2Cchat.conversation%3Achatdm_1786675192869_509972%2Cchat.conversation%3Ac1%2Cchat.conversation%3Ac2%2Cchat.conversation%3Ag1' failed: HTTP Authentication failed; no valid credentials available @ http://localhost:8083/index.ts.bundle?platform=web&dev=true&hot=false&lazy=true&transform.engine=hermes&transform.routerRoot=app&unstable_transformProfile=hermes-stable:491524
[   52456ms] [ERROR] WebSocket connection to 'ws://localhost:4000/api/v1/realtime/ws?topics=chat.conversation%3Aseed_conv_1%2Cchat.conversation%3Achatdm_1786675192869_509972%2Cchat.conversation%3Ac1%2Cchat.conversation%3Ac2%2Cchat.conversation%3Ag1' failed: HTTP Authentication failed; no valid credentials available @ http://localhost:8083/index.ts.bundle?platform=web&dev=true&hot=false&lazy=true&transform.engine=hermes&transform.routerRoot=app&unstable_transformProfile=hermes-stable:491524
[   55467ms] [ERROR] WebSocket connection to 'ws://localhost:4000/api/v1/realtime/ws?topics=chat.conversation%3Aseed_conv_1%2Cchat.conversation%3Achatdm_1786675192869_509972%2Cchat.conversation%3Ac1%2Cchat.conversation%3Ac2%2Cchat.conversation%3Ag1' failed: HTTP Authentication failed; no valid credentials available @ http://localhost:8083/index.ts.bundle?platform=web&dev=true&hot=false&lazy=true&transform.engine=hermes&transform.routerRoot=app&unstable_transformProfile=hermes-stable:491524
[   56355ms] [ERROR] WebSocket connection to 'ws://localhost:4000/api/v1/realtime/ws?topics=chat.conversation%3Aseed_conv_1%2Cchat.conversation%3Achatdm_1786675192869_509972%2Cchat.conversation%3Ac1%2Cchat.conversation%3Ac2%2Cchat.conversation%3Ag1' failed: HTTP Authentication failed; no valid credentials available @ http://localhost:8083/index.ts.bundle?platform=web&dev=true&hot=false&lazy=true&transform.engine=hermes&transform.routerRoot=app&unstable_transformProfile=hermes-stable:491524
