env: load .env
env: export EXPO_PUBLIC_API_BASE_URL EXPO_PUBLIC_ENVIRONMENT
Starting project at C:\Users\User\Desktop\thryftverse-upgrade\frontend
Logs: C:\Users\User\Desktop\thryftverse-upgrade\frontend\.expo\dev\logs\start.log
Starting Metro Bundler

Waiting on http://localhost:8081

An update for expo is available: 57.0.15 → ~57.0.20
19 other packages may need updating. Run npx expo install --check for details.
Logs for your project will appear below.
| (node:10568) Warning: The 'NO_COLOR' env is ignored due to the 'FORCE_COLOR' env being set.
| (Use `node --trace-warnings ...` to show where the warning was created)
| (node:10568) Warning: The 'NO_COLOR' env is ignored due to the 'FORCE_COLOR' env being set.
| (Use `node --trace-warnings ...` to show where the warning was created)
| (node:10568) Warning: The 'NO_COLOR' env is ignored due to the 'FORCE_COLOR' env being set.
| (Use `node --trace-warnings ...` to show where the warning was created)
| (node:10568) Warning: The 'NO_COLOR' env is ignored due to the 'FORCE_COLOR' env being set.
| (Use `node --trace-warnings ...` to show where the warning was created)
| (node:10568) Warning: The 'NO_COLOR' env is ignored due to the 'FORCE_COLOR' env being set.
| (Use `node --trace-warnings ...` to show where the warning was created)
| (node:10568) Warning: The 'NO_COLOR' env is ignored due to the 'FORCE_COLOR' env being set.
| (Use `node --trace-warnings ...` to show where the warning was created)
| (node:10568) Warning: The 'NO_COLOR' env is ignored due to the 'FORCE_COLOR' env being set.
| (Use `node --trace-warnings ...` to show where the warning was created)
| (node:10568) Warning: The 'NO_COLOR' env is ignored due to the 'FORCE_COLOR' env being set.
| (Use `node --trace-warnings ...` to show where the warning was created)
| (node:10568) Warning: The 'NO_COLOR' env is ignored due to the 'FORCE_COLOR' env being set.
| (Use `node --trace-warnings ...` to show where the warning was created)
| (node:10568) Warning: The 'NO_COLOR' env is ignored due to the 'FORCE_COLOR' env being set.
| (Use `node --trace-warnings ...` to show where the warning was created)
Android Bundled 21100ms index.ts (5232 modules)
Android Bundled 13248ms index.ts (1 module)
Android Bundled 37005ms index.ts (5247 modules)
 WARN  [sslPinning] status: not-installed. Initialisation failed — pinning NOT active. [Error: Cannot find module 'react-native-ssl-public-key-pinning']
Android Bundled 398ms node_modules\@react-native-async-storage\async-storage\src\index.ts (536 modules)
